 PhysXCooking_64

 Timestamp is 637f4466 (Thu Nov 24 11:16:06 2022)

 Preferred load address is 0000000180000000

 Start         Length     Name                   Class
 0001:00000000 00000060H .text$di                CODE
 0001:00000060 00021dc0H .text$mn                CODE
 0001:00021e20 00000040H .text$mn$00             CODE
 0001:00021e60 00000620H .text$x                 CODE
 0002:00000000 00000278H .idata$5                DATA
 0002:00000278 00000028H .00cfg                  DATA
 0002:000002a0 00000008H .CRT$XCA                DATA
 0002:000002a8 00000030H .CRT$XCU                DATA
 0002:000002d8 00000008H .CRT$XCZ                DATA
 0002:000002e0 00000008H .CRT$XIA                DATA
 0002:000002e8 00000018H .CRT$XIC                DATA
 0002:00000300 00000008H .CRT$XIZ                DATA
 0002:00000308 00000008H .CRT$XPA                DATA
 0002:00000310 00000010H .CRT$XPX                DATA
 0002:00000320 00000008H .CRT$XPXA               DATA
 0002:00000328 00000008H .CRT$XPZ                DATA
 0002:00000330 00000008H .CRT$XTA                DATA
 0002:00000338 00000008H .CRT$XTZ                DATA
 0002:00000340 00000000H .gehcont$y              DATA
 0002:00000340 00000000H .gfids$y                DATA
 0002:00000340 000093c0H .rdata                  DATA
 0002:00009700 00000000H .rdata$CastGuardVftablesA DATA
 0002:00009700 00000000H .rdata$CastGuardVftablesC DATA
 0002:00009700 0000043cH .rdata$r                DATA
 0002:00009b3c 00000020H .rdata$voltmd           DATA
 0002:00009b5c 00000434H .rdata$zzzdbg           DATA
 0002:00009f90 00000008H .rtc$IAA                DATA
 0002:00009f98 00000008H .rtc$IZZ                DATA
 0002:00009fa0 00000008H .rtc$TAA                DATA
 0002:00009fa8 00000008H .rtc$TZZ                DATA
 0002:00009fb0 00001710H .xdata                  DATA
 0002:0000b6c0 00000084H .xdata$x                DATA
 0002:0000b744 00000040H .didat$2                DATA
 0002:0000b784 00000024H .didat$3                DATA
 0002:0000b7a8 000000f0H .didat$4                DATA
 0002:0000b898 000002c8H .didat$6                DATA
 0002:0000bb60 000000f0H .didat$7                DATA
 0002:0000bc50 00000e04H .edata                  DATA
 0002:0000ca54 00000014H .idata$2                DATA
 0002:0000ca68 00000018H .idata$3                DATA
 0002:0000ca80 00000278H .idata$4                DATA
 0002:0000ccf8 000005aeH .idata$6                DATA
 0003:00000000 00000a20H .data                   DATA
 0003:00000a20 00000108H .data$r                 DATA
 0003:00000b28 000000f0H .data$rs                DATA
 0003:00000c18 000000f8H .didat$5                DATA
 0003:00000d10 00001260H .bss                    DATA
 0004:00000000 00001998H .pdata                  DATA
 0005:00000000 0000230cH _RDATA                  DATA
 0006:00000000 000000a0H .rsrc$01                DATA
 0006:000000a0 000004b0H .rsrc$02                DATA

  Address         Publics by Value              Rva+Base               Lib:Object

 0000:00000000       ___safe_se_handler_table   0000000000000000     <absolute>
 0000:00000000       __arm64x_redirection_metadata 0000000000000000     <absolute>
 0000:00000000       __guard_iat_table          0000000000000000     <absolute>
 0000:00000000       __guard_longjmp_table      0000000000000000     <absolute>
 0000:00000000       __x64_code_ranges_to_entry_points 0000000000000000     <absolute>
 0000:00000000       __guard_iat_count          0000000000000000     <absolute>
 0000:00000000       __guard_longjmp_count      0000000000000000     <absolute>
 0000:00000000       __guard_fids_count         0000000000000000     <absolute>
 0000:00000000       __dynamic_value_reloc_table 0000000000000000     <absolute>
 0000:00000000       __x64_code_ranges_to_entry_points_count 0000000000000000     <absolute>
 0000:00000000       __arm64x_extra_rfe_table   0000000000000000     <absolute>
 0000:00000000       __hybrid_auxiliary_iat     0000000000000000     <absolute>
 0000:00000000       __hybrid_auxiliary_iat_copy 0000000000000000     <absolute>
 0000:00000000       __hybrid_code_map          0000000000000000     <absolute>
 0000:00000000       __arm64x_extra_rfe_table_size 0000000000000000     <absolute>
 0000:00000000       ___safe_se_handler_count   0000000000000000     <absolute>
 0000:00000000       __AbsoluteZero             0000000000000000     <absolute>
 0000:00000000       __guard_check_icall_a64n_fptr 0000000000000000     <absolute>
 0000:00000000       __guard_fids_table         0000000000000000     <absolute>
 0000:00000000       __guard_eh_cont_count      0000000000000000     <absolute>
 0000:00000000       __arm64x_redirection_metadata_count 0000000000000000     <absolute>
 0000:00000000       __enclave_config           0000000000000000     <absolute>
 0000:00000000       __guard_eh_cont_table      0000000000000000     <absolute>
 0000:00000000       __arm64x_native_entrypoint 0000000000000000     <absolute>
 0000:00000000       __hybrid_code_map_count    0000000000000000     <absolute>
 0000:00000100       __guard_flags              0000000000000100     <absolute>
 0000:00000000       __ImageBase                0000000180000000     <linker-defined>
 0001:00000060       ??$copy@V?$PxReflectionAllocator@USlab@NodeAllocator@Gu@physx@@@physx@@@?$PxArray@USlab@NodeAllocator@Gu@physx@@V?$PxReflectionAllocator@USlab@NodeAllocator@Gu@physx@@@4@@physx@@IEAAXAEBV01@@Z 0000000180001060 f i Cooking.obj
 0001:000000e0       ??0AABBTreeBounds@Gu@physx@@QEAA@XZ 00000001800010e0 f i Cooking.obj
 0001:000000f0       ??4AABBTreeBuildNode@Gu@physx@@QEAAAEAV012@AEBV012@@Z 00000001800010f0 f i Cooking.obj
 0001:000000f0       ??0AABBTreeBuildNode@Gu@physx@@QEAA@AEBV012@@Z 00000001800010f0 f i Cooking.obj
 0001:00000130       ?getAABB@AABBTreeBuildNode@Gu@physx@@QEBAAEBVPxBounds3@3@XZ 0000000180001130 f i Cooking.obj
 0001:00000130       ??$forward@_K@std@@YA$$QEA_KAEA_K@Z 0000000180001130 f i libvcruntime:undname.obj
 0001:00000130       ??0AABBTreeBuildNode@Gu@physx@@QEAA@XZ 0000000180001130 f i Cooking.obj
 0001:00000130       ??4PxFoundation@physx@@QEAAAEAV01@AEBV01@@Z 0000000180001130 f i Cooking.obj
 0001:00000140       ??0AABBTreeBuildParams@Gu@physx@@QEAA@IIPEBVAABBTreeBounds@12@W4BVHBuildStrategy@12@@Z 0000000180001140 f i Cooking.obj
 0001:00000160       ??0NodeAllocator@Gu@physx@@QEAA@AEBV012@@Z 0000000180001160 f i Cooking.obj
 0001:000001a0       ??0PxFoundation@physx@@QEAA@XZ 00000001800011a0 f i Cooking.obj
 0001:000001a0       ??0PxFoundation@physx@@QEAA@AEBV01@@Z 00000001800011a0 f i Cooking.obj
 0001:000001b0       ??0PxRenderOutput@physx@@QEAA@AEAVPxRenderBuffer@1@@Z 00000001800011b0 f i Cooking.obj
 0001:00000200       ??0PxRenderOutput@physx@@QEAA@AEBV01@@Z 0000000180001200 f i Cooking.obj
 0001:000002a0       ??1AABBTreeBounds@Gu@physx@@QEAA@XZ 00000001800012a0 f i Cooking.obj
 0001:000002b0       ??1AABBTreeBuildNode@Gu@physx@@QEAA@XZ 00000001800012b0 f i Cooking.obj
 0001:000002b0       _guard_check_icall_nop     00000001800012b0 f i LIBCMT:guard_support.obj
 0001:000002c0       ??1AABBTreeBuildParams@Gu@physx@@QEAA@XZ 00000001800012c0 f i Cooking.obj
 0001:000002c0       ?reset@AABBTreeBuildParams@Gu@physx@@QEAAXXZ 00000001800012c0 f i Cooking.obj
 0001:00000310       ??1PxFoundation@physx@@MEAA@XZ 0000000180001310 f i Cooking.obj
 0001:00000320       ??4AABBTreeBounds@Gu@physx@@QEAAAEAV012@AEBV012@@Z 0000000180001320 f i Cooking.obj
 0001:00000330       ??4AABBTreeBuildParams@Gu@physx@@QEAAAEAV012@AEBV012@@Z 0000000180001330 f i Cooking.obj
 0001:00000350       ??4NodeAllocator@Gu@physx@@QEAAAEAV012@AEBV012@@Z 0000000180001350 f i Cooking.obj
 0001:00000400       ??6PxRenderOutput@physx@@QEAAAEAV01@AEBV?$PxMat44T@M@1@@Z 0000000180001400 f i Cooking.obj
 0001:00000470       ??6PxRenderOutput@physx@@QEAAAEAV01@AEBV?$PxTransformT@M@1@@Z 0000000180001470 f i Cooking.obj
 0001:000005f0       ??6PxRenderOutput@physx@@QEAAAEAV01@AEBV?$PxVec3T@M@1@@Z 00000001800015f0 f i Cooking.obj
 0001:000008f0       ??6PxRenderOutput@physx@@QEAAAEAV01@I@Z 00000001800018f0 f i Cooking.obj
 0001:00000900       ??6PxRenderOutput@physx@@QEAAAEAV01@W4Primitive@01@@Z 0000000180001900 f i Cooking.obj
 0001:00000910       ??_EPxFoundation@physx@@MEAAPEAXI@Z 0000000180001910 f i Cooking.obj
 0001:000009a0       ??_FAABBTreeBuildParams@Gu@physx@@QEAAXXZ 00000001800019a0 f i Cooking.obj
 0001:000009c0       ??_GCooking@physx@@UEAAPEAXI@Z 00000001800019c0 f i Cooking.obj
 0001:000009c0       ??_ECooking@physx@@UEAAPEAXI@Z 00000001800019c0 f i Cooking.obj
 0001:00000a10       ??_GPxCooking@physx@@MEAAPEAXI@Z 0000000180001a10 f i Cooking.obj
 0001:00000a10       ??_EPxCooking@physx@@MEAAPEAXI@Z 0000000180001a10 f i Cooking.obj
 0001:00000a40       ?allocate@?$PxArray@USlab@NodeAllocator@Gu@physx@@V?$PxReflectionAllocator@USlab@NodeAllocator@Gu@physx@@@4@@physx@@IEAAPEAUSlab@NodeAllocator@Gu@2@I@Z 0000000180001a40 f i Cooking.obj
 0001:00000af0       ?assembleSoftBodyMesh@Cooking@physx@@UEBAPEAVPxSoftBodyMesh@2@AEAVPxSimulationTetrahedronMeshData@2@AEAVPxCollisionTetrahedronMeshData@2@AEAVPxCollisionMeshMappingData@2@AEAVPxInsertionCallback@2@@Z 0000000180001af0 f   Cooking.obj
 0001:00000b10       ?assembleSoftBodyMesh@Cooking@physx@@UEBAPEAVPxSoftBodyMesh@2@AEAVPxTetrahedronMeshData@2@AEAVPxSoftBodySimulationData@2@0AEAVPxSoftBodyCollisionData@2@AEAVPxCollisionMeshMappingData@2@AEAVPxInsertionCallback@2@@Z 0000000180001b10 f   Cooking.obj
 0001:00000b50       ?computeCollisionData@Cooking@physx@@UEBAPEAVPxCollisionTetrahedronMeshData@2@AEBVPxTetrahedronMeshDesc@2@@Z 0000000180001b50 f   Cooking.obj
 0001:00000b60       ?computeHullPolygons@Cooking@physx@@UEBA_NAEBVPxSimpleTriangleMesh@2@AEAVPxAllocatorCallback@2@AEAIAEAPEAV?$PxVec3T@M@2@2AEAPEAI2AEAPEAUPxHullPolygon@2@@Z 0000000180001b60 f   Cooking.obj
 0001:00000b70       ?computeModelsMapping@Cooking@physx@@UEBAPEAVPxCollisionMeshMappingData@2@AEAVPxTetrahedronMeshData@2@AEBV42@AEBVPxSoftBodyCollisionData@2@PEBUPxBoundedData@2@@Z 0000000180001b70 f   Cooking.obj
 0001:00000b80       ?computeSimulationData@Cooking@physx@@UEBAPEAVPxSimulationTetrahedronMeshData@2@AEBVPxTetrahedronMeshDesc@2@@Z 0000000180001b80 f   Cooking.obj
 0001:00000b90       ?cookBVH@Cooking@physx@@UEBA_NAEBVPxBVHDesc@2@AEAVPxOutputStream@2@@Z 0000000180001b90 f   Cooking.obj
 0001:00000ba0       ?cookConvexMesh@Cooking@physx@@UEBA_NAEBVPxConvexMeshDesc@2@AEAVPxOutputStream@2@PEAW4Enum@PxConvexMeshCookingResult@2@@Z 0000000180001ba0 f   Cooking.obj
 0001:00000bb0       ?cookHeightField@Cooking@physx@@UEBA_NAEBVPxHeightFieldDesc@2@AEAVPxOutputStream@2@@Z 0000000180001bb0 f   Cooking.obj
 0001:00000bc0       ?cookSoftBodyMesh@Cooking@physx@@UEBA_NAEBVPxTetrahedronMeshDesc@2@0AEBVPxSoftBodySimulationDataDesc@2@AEAVPxOutputStream@2@@Z 0000000180001bc0 f   Cooking.obj
 0001:00000bd0       ?cookTetrahedronMesh@Cooking@physx@@UEBA_NAEBVPxTetrahedronMeshDesc@2@AEAVPxOutputStream@2@@Z 0000000180001bd0 f   Cooking.obj
 0001:00000be0       ?cookTriangleMesh@Cooking@physx@@UEBA_NAEBVPxTriangleMeshDesc@2@AEAVPxOutputStream@2@PEAW4Enum@PxTriangleMeshCookingResult@2@@Z 0000000180001be0 f   Cooking.obj
 0001:00000bf0       ?createBVH@Cooking@physx@@UEBAPEAVPxBVH@2@AEBVPxBVHDesc@2@AEAVPxInsertionCallback@2@@Z 0000000180001bf0 f   Cooking.obj
 0001:00000c00       ?createConvexMesh@Cooking@physx@@UEBAPEAVPxConvexMesh@2@AEBVPxConvexMeshDesc@2@AEAVPxInsertionCallback@2@PEAW4Enum@PxConvexMeshCookingResult@2@@Z 0000000180001c00 f   Cooking.obj
 0001:00000c10       ?createHeightField@Cooking@physx@@UEBAPEAVPxHeightField@2@AEBVPxHeightFieldDesc@2@AEAVPxInsertionCallback@2@@Z 0000000180001c10 f   Cooking.obj
 0001:00000c20       ?createSoftBodyMesh@Cooking@physx@@UEBAPEAVPxSoftBodyMesh@2@AEBVPxTetrahedronMeshDesc@2@0AEBVPxSoftBodySimulationDataDesc@2@AEAVPxInsertionCallback@2@@Z 0000000180001c20 f   Cooking.obj
 0001:00000c30       ?createTetrahedronMesh@Cooking@physx@@UEBAPEAVPxTetrahedronMesh@2@AEBVPxTetrahedronMeshDesc@2@AEAVPxInsertionCallback@2@@Z 0000000180001c30 f   Cooking.obj
 0001:00000c40       ?createTriangleMesh@Cooking@physx@@UEBAPEAVPxTriangleMesh@2@AEBVPxTriangleMeshDesc@2@AEAVPxInsertionCallback@2@PEAW4Enum@PxTriangleMeshCookingResult@2@@Z 0000000180001c40 f   Cooking.obj
 0001:00000c50       ?getBounds@AABBTreeBounds@Gu@physx@@QEBAPEBVPxBounds3@3@XZ 0000000180001c50 f i Cooking.obj
 0001:00000c50       ?getBounds@AABBTreeBounds@Gu@physx@@QEAAPEAVPxBounds3@3@XZ 0000000180001c50 f i Cooking.obj
 0001:00000c60       ?getNbPrimitives@AABBTreeBuildNode@Gu@physx@@QEBAIXZ 0000000180001c60 f i Cooking.obj
 0001:00000c60       ?getNbRuntimePrimitives@AABBTreeBuildNode@Gu@physx@@QEBAIXZ 0000000180001c60 f i Cooking.obj
 0001:00000c70       ?getNeg@AABBTreeBuildNode@Gu@physx@@QEBAPEBV123@XZ 0000000180001c70 f i Cooking.obj
 0001:00000c90       ?getParams@Cooking@physx@@UEBAAEBUPxCookingParams@2@XZ 0000000180001c90 f   Cooking.obj
 0001:00000ca0       ?getPos@AABBTreeBuildNode@Gu@physx@@QEBAPEBV123@XZ 0000000180001ca0 f i Cooking.obj
 0001:00000cb0       ?getPrimitives@AABBTreeBuildNode@Gu@physx@@QEBAPEBIPEBI@Z 0000000180001cb0 f i Cooking.obj
 0001:00000cb0       ?getPrimitives@AABBTreeBuildNode@Gu@physx@@QEAAPEAIPEAI@Z 0000000180001cb0 f i Cooking.obj
 0001:00000cc0       PxGetStandaloneInsertionCallback 0000000180001cc0 f   Cooking.obj
 0001:00000cc0       ?getStandaloneInsertionCallback@Cooking@physx@@UEAAAEAVPxInsertionCallback@2@XZ 0000000180001cc0 f   Cooking.obj
 0001:00000cd0       ?isLeaf@AABBTreeBuildNode@Gu@physx@@QEBA_NXZ 0000000180001cd0 f i Cooking.obj
 0001:00000ce0       ?moveFrom@AABBTreeBounds@Gu@physx@@QEAAXAEAV123@@Z 0000000180001ce0 f i Cooking.obj
 0001:00000cf0       ?outputCapsule@PxRenderOutput@physx@@QEAAAEAV12@MMAEBV?$PxMat44T@M@2@@Z 0000000180001cf0 f i Cooking.obj
 0001:00001a00       ?outputSegment@PxRenderOutput@physx@@QEAAXAEBV?$PxVec3T@M@2@0@Z 0000000180002a00 f i Cooking.obj
 0001:00001a70       ?ownsMemory@AABBTreeBounds@Gu@physx@@QEBA_NXZ 0000000180002a70 f i Cooking.obj
 0001:00001a80       ?platformMismatch@Cooking@physx@@UEBA_NXZ 0000000180002a80 f   Cooking.obj
 0001:00001a90       ?recreate@?$PxArray@USlab@NodeAllocator@Gu@physx@@V?$PxReflectionAllocator@USlab@NodeAllocator@Gu@physx@@@4@@physx@@IEAAXI@Z 0000000180002a90 f i Cooking.obj
 0001:00001b40       ?release@Cooking@physx@@UEAAXXZ 0000000180002b40 f   Cooking.obj
 0001:00001b60       ?reservePoints@PxRenderOutput@physx@@QEAAPEAUPxDebugPoint@2@I@Z 0000000180002b60 f i Cooking.obj
 0001:00001b70       ?reserveSegments@PxRenderOutput@physx@@QEAAPEAUPxDebugLine@2@I@Z 0000000180002b70 f i Cooking.obj
 0001:00001b80       ?setBounds@AABBTreeBounds@Gu@physx@@QEAAXPEAVPxBounds3@3@@Z 0000000180002b80 f i Cooking.obj
 0001:00001b90       ?setNbRunTimePrimitives@AABBTreeBuildNode@Gu@physx@@QEAAXI@Z 0000000180002b90 f i Cooking.obj
 0001:00001ba0       ?setParams@Cooking@physx@@UEAAXAEBUPxCookingParams@2@@Z 0000000180002ba0 f   Cooking.obj
 0001:00001c00       ?takeOwnership@AABBTreeBounds@Gu@physx@@QEAAXXZ 0000000180002c00 f i Cooking.obj
 0001:00001c10       ?validateConvexMesh@Cooking@physx@@UEBA_NAEBVPxConvexMeshDesc@2@@Z 0000000180002c10 f   Cooking.obj
 0001:00001c20       ?validateTriangleMesh@Cooking@physx@@UEBA_NAEBVPxTriangleMeshDesc@2@@Z 0000000180002c20 f   Cooking.obj
 0001:00001c30       PxAssembleSoftBodyMesh     0000000180002c30 f   Cooking.obj
 0001:00001c40       PxAssembleSoftBodyMesh_Sim 0000000180002c40 f   Cooking.obj
 0001:00001c50       PxComputeCollisionData     0000000180002c50 f   Cooking.obj
 0001:00001c60       PxComputeHullPolygons      0000000180002c60 f   Cooking.obj
 0001:00001c70       PxComputeModelsMapping     0000000180002c70 f   Cooking.obj
 0001:00001c80       PxComputeSimulationData    0000000180002c80 f   Cooking.obj
 0001:00001c90       PxCookBVH                  0000000180002c90 f   Cooking.obj
 0001:00001ca0       PxCookConvexMesh           0000000180002ca0 f   Cooking.obj
 0001:00001cb0       PxCookHeightField          0000000180002cb0 f   Cooking.obj
 0001:00001cc0       PxCookSoftBodyMesh         0000000180002cc0 f   Cooking.obj
 0001:00001cd0       PxCookTetrahedronMesh      0000000180002cd0 f   Cooking.obj
 0001:00001ce0       PxCookTriangleMesh         0000000180002ce0 f   Cooking.obj
 0001:00001cf0       PxCreateBVH                0000000180002cf0 f   Cooking.obj
 0001:00001d00       PxCreateBVHInternal        0000000180002d00 f   Cooking.obj
 0001:00001dc0       PxCreateConvexMesh         0000000180002dc0 f   Cooking.obj
 0001:00001dd0       PxCreateCooking            0000000180002dd0 f   Cooking.obj
 0001:00001ec0       PxCreateHeightField        0000000180002ec0 f   Cooking.obj
 0001:00001ed0       PxCreateSoftBodyMesh       0000000180002ed0 f   Cooking.obj
 0001:00001ee0       PxCreateTetrahedronMesh    0000000180002ee0 f   Cooking.obj
 0001:00001ef0       PxCreateTriangleMesh       0000000180002ef0 f   Cooking.obj
 0001:00001f00       PxCreateTriangleMeshInternal 0000000180002f00 f   Cooking.obj
 0001:00001fb0       PxValidateConvexMesh       0000000180002fb0 f   Cooking.obj
 0001:00001fc0       PxValidateTriangleMesh     0000000180002fc0 f   Cooking.obj
 0001:00001fd0       ?cookingDelayHook@@YAP6A_JXZIPEAUDelayLoadInfo@@@Z 0000000180002fd0 f   WindowsCookingDelayLoadHook.obj
 0001:000020b0       PxSetPhysXCookingDelayLoadHook 00000001800030b0 f   WindowsCookingDelayLoadHook.obj
 0001:000020b8       __imp_load_getInsertionCallback 00000001800030b8 f   PhysXCommon_64:PhysXCommon_64.dll
 0001:000020c4       getInsertionCallback       00000001800030c4 f   PhysXCommon_64:PhysXCommon_64.dll
 0001:000020ca       __tailMerge_physxcommon_64_dll 00000001800030ca     PhysXCommon_64:PhysXCommon_64.dll
 0001:00002143       __imp_load_cookBVH         0000000180003143 f   PhysXCommon_64:PhysXCommon_64.dll
 0001:0000214f       cookBVH                    000000018000314f f   PhysXCommon_64:PhysXCommon_64.dll
 0001:00002155       __imp_load_createBVH       0000000180003155 f   PhysXCommon_64:PhysXCommon_64.dll
 0001:00002161       createBVH                  0000000180003161 f   PhysXCommon_64:PhysXCommon_64.dll
 0001:00002167       __imp_load_cookHeightField 0000000180003167 f   PhysXCommon_64:PhysXCommon_64.dll
 0001:00002173       cookHeightField            0000000180003173 f   PhysXCommon_64:PhysXCommon_64.dll
 0001:00002179       __imp_load_createHeightField 0000000180003179 f   PhysXCommon_64:PhysXCommon_64.dll
 0001:00002185       createHeightField          0000000180003185 f   PhysXCommon_64:PhysXCommon_64.dll
 0001:0000218b       __imp_load_cookConvexMesh  000000018000318b f   PhysXCommon_64:PhysXCommon_64.dll
 0001:00002197       cookConvexMesh             0000000180003197 f   PhysXCommon_64:PhysXCommon_64.dll
 0001:0000219d       __imp_load_createConvexMesh 000000018000319d f   PhysXCommon_64:PhysXCommon_64.dll
 0001:000021a9       createConvexMesh           00000001800031a9 f   PhysXCommon_64:PhysXCommon_64.dll
 0001:000021af       __imp_load_validateConvexMesh 00000001800031af f   PhysXCommon_64:PhysXCommon_64.dll
 0001:000021bb       validateConvexMesh         00000001800031bb f   PhysXCommon_64:PhysXCommon_64.dll
 0001:000021c1       __imp_load_computeHullPolygons 00000001800031c1 f   PhysXCommon_64:PhysXCommon_64.dll
 0001:000021cd       computeHullPolygons        00000001800031cd f   PhysXCommon_64:PhysXCommon_64.dll
 0001:000021d3       __imp_load_validateTriangleMesh 00000001800031d3 f   PhysXCommon_64:PhysXCommon_64.dll
 0001:000021df       validateTriangleMesh       00000001800031df f   PhysXCommon_64:PhysXCommon_64.dll
 0001:000021e5       __imp_load_createTriangleMesh 00000001800031e5 f   PhysXCommon_64:PhysXCommon_64.dll
 0001:000021f1       createTriangleMesh         00000001800031f1 f   PhysXCommon_64:PhysXCommon_64.dll
 0001:000021f7       __imp_load_cookTriangleMesh 00000001800031f7 f   PhysXCommon_64:PhysXCommon_64.dll
 0001:00002203       cookTriangleMesh           0000000180003203 f   PhysXCommon_64:PhysXCommon_64.dll
 0001:00002209       __imp_load_cookTetrahedronMesh 0000000180003209 f   PhysXCommon_64:PhysXCommon_64.dll
 0001:00002215       cookTetrahedronMesh        0000000180003215 f   PhysXCommon_64:PhysXCommon_64.dll
 0001:0000221b       __imp_load_createTetrahedronMesh 000000018000321b f   PhysXCommon_64:PhysXCommon_64.dll
 0001:00002227       createTetrahedronMesh      0000000180003227 f   PhysXCommon_64:PhysXCommon_64.dll
 0001:0000222d       __imp_load_cookSoftBodyMesh 000000018000322d f   PhysXCommon_64:PhysXCommon_64.dll
 0001:00002239       cookSoftBodyMesh           0000000180003239 f   PhysXCommon_64:PhysXCommon_64.dll
 0001:0000223f       __imp_load_createSoftBodyMesh 000000018000323f f   PhysXCommon_64:PhysXCommon_64.dll
 0001:0000224b       createSoftBodyMesh         000000018000324b f   PhysXCommon_64:PhysXCommon_64.dll
 0001:00002251       __imp_load_computeModelsMapping 0000000180003251 f   PhysXCommon_64:PhysXCommon_64.dll
 0001:0000225d       computeModelsMapping       000000018000325d f   PhysXCommon_64:PhysXCommon_64.dll
 0001:00002263       __imp_load_computeCollisionData 0000000180003263 f   PhysXCommon_64:PhysXCommon_64.dll
 0001:0000226f       computeCollisionData       000000018000326f f   PhysXCommon_64:PhysXCommon_64.dll
 0001:00002275       __imp_load_computeSimulationData 0000000180003275 f   PhysXCommon_64:PhysXCommon_64.dll
 0001:00002281       computeSimulationData      0000000180003281 f   PhysXCommon_64:PhysXCommon_64.dll
 0001:00002287       __imp_load_assembleSoftBodyMesh 0000000180003287 f   PhysXCommon_64:PhysXCommon_64.dll
 0001:00002293       assembleSoftBodyMesh       0000000180003293 f   PhysXCommon_64:PhysXCommon_64.dll
 0001:00002299       __imp_load_assembleSoftBodyMesh_Sim 0000000180003299 f   PhysXCommon_64:PhysXCommon_64.dll
 0001:000022a5       assembleSoftBodyMesh_Sim   00000001800032a5 f   PhysXCommon_64:PhysXCommon_64.dll
 0001:000022ab       __imp_load_?release@AABBTreeBounds@Gu@physx@@QEAAXXZ 00000001800032ab f   PhysXCommon_64:PhysXCommon_64.dll
 0001:000022b7       ?release@AABBTreeBounds@Gu@physx@@QEAAXXZ 00000001800032b7 f   PhysXCommon_64:PhysXCommon_64.dll
 0001:000022bd       __imp_load_??0BVH@Gu@physx@@QEAA@AEBUPxBVHInternalData@2@@Z 00000001800032bd f   PhysXCommon_64:PhysXCommon_64.dll
 0001:000022c9       ??0BVH@Gu@physx@@QEAA@AEBUPxBVHInternalData@2@@Z 00000001800032c9 f   PhysXCommon_64:PhysXCommon_64.dll
 0001:000022cf       __imp_load_??0BV4TriangleMesh@Gu@physx@@QEAA@AEBUPxTriangleMeshInternalData@2@@Z 00000001800032cf f   PhysXCommon_64:PhysXCommon_64.dll
 0001:000022db       ??0BV4TriangleMesh@Gu@physx@@QEAA@AEBUPxTriangleMeshInternalData@2@@Z 00000001800032db f   PhysXCommon_64:PhysXCommon_64.dll
 0001:000022e1       __imp_load_PxGetFoundation 00000001800032e1 f   PhysXFoundation_64:PhysXFoundation_64.dll
 0001:000022ed       PxGetFoundation            00000001800032ed f   PhysXFoundation_64:PhysXFoundation_64.dll
 0001:000022f3       __tailMerge_physxfoundation_64_dll 00000001800032f3     PhysXFoundation_64:PhysXFoundation_64.dll
 0001:0000236c       __imp_load_PxGetBroadcastAllocator 000000018000336c f   PhysXFoundation_64:PhysXFoundation_64.dll
 0001:00002378       PxGetBroadcastAllocator    0000000180003378 f   PhysXFoundation_64:PhysXFoundation_64.dll
 0001:0000237e       __imp_load_PxDecFoundationRefCount 000000018000337e f   PhysXFoundation_64:PhysXFoundation_64.dll
 0001:0000238a       PxDecFoundationRefCount    000000018000338a f   PhysXFoundation_64:PhysXFoundation_64.dll
 0001:00002390       __imp_load_PxIncFoundationRefCount 0000000180003390 f   PhysXFoundation_64:PhysXFoundation_64.dll
 0001:0000239c       PxIncFoundationRefCount    000000018000339c f   PhysXFoundation_64:PhysXFoundation_64.dll
 0001:000023a4       ?DloadAcquireSectionWriteAccess@@YAXXZ 00000001800033a4 f i Delayimp:delayhlp.obj
 0001:00002450       ?DloadGetSRWLockFunctionPointers@@YAEXZ 0000000180003450 f i Delayimp:delayhlp.obj
 0001:000024ec       ?DloadMakePermanentImageCommit@@YAXPEAX_K@Z 00000001800034ec f i Delayimp:delayhlp.obj
 0001:00002584       ?DloadObtainSection@@YAPEAXPEAK0@Z 0000000180003584 f i Delayimp:delayhlp.obj
 0001:00002620       ?DloadProtectSection@@YAXKPEAK@Z 0000000180003620 f i Delayimp:delayhlp.obj
 0001:000026b0       ?DloadReleaseSectionWriteAccess@@YAXXZ 00000001800036b0 f i Delayimp:delayhlp.obj
 0001:00002744       __delayLoadHelper2         0000000180003744 f   Delayimp:delayhlp.obj
 0001:00002a18       ??3@YAXPEAX@Z              0000000180003a18 f   LIBCMT:delete_scalar.obj
 0001:00002a20       ??3@YAXPEAX_K@Z            0000000180003a20 f   LIBCMT:delete_scalar_size.obj
 0001:00002a20       ??_V@YAXPEAX@Z             0000000180003a20 f   LIBCMT:delete_array.obj
 0001:00002a28       ??_V@YAXPEAX_K@Z           0000000180003a28 f   LIBCMT:delete_array_size.obj
 0001:00002a30       __vdecl_sinf4              0000000180003a30 f   LIBCMT:svml_ssinf4_dispatch.obj
 0001:00002a50       __libm_sse2_sincosf_       0000000180003a50 f   LIBCMT:svml_ssinf4_dispatch.obj
 0001:00002a93       __libm_sse2_sincosf4_      0000000180003a93 f   LIBCMT:svml_ssinf4_dispatch.obj
 0001:00002aa0       ??_Etype_info@@UEAAPEAXI@Z 0000000180003aa0 f i LIBCMT:std_type_info_static.obj
 0001:00002aa0       ??_Gtype_info@@UEAAPEAXI@Z 0000000180003aa0 f i LIBCMT:std_type_info_static.obj
 0001:00002acc       ?__scrt_initialize_type_info@@YAXXZ 0000000180003acc f   LIBCMT:tncleanup.obj
 0001:00002adc       ?__scrt_uninitialize_type_info@@YAXXZ 0000000180003adc f   LIBCMT:tncleanup.obj
 0001:00002e08       _DllMainCRTStartup         0000000180003e08 f   LIBCMT:dll_dllmain.obj
 0001:00002e48       __isa_available_init       0000000180003e48 f   LIBCMT:cpu_disp.obj
 0001:00002ff0       __sse2_sinf4@@16           0000000180003ff0 f   LIBCMT:svml_ssinf4_sse2.obj
 0001:00003930       __sse4_sinf4@@16           0000000180004930 f   LIBCMT:svml_ssinf4_sse4.obj
 0001:000040a4       __security_init_cookie     00000001800050a4 f   LIBCMT:gs_support.obj
 0001:00004150       ?raw_length@charNode@@UEBAHXZ 0000000180005150 f   libvcruntime:undname.obj
 0001:00004150       DllMain                    0000000180005150 f   LIBCMT:dll_dllmain_stub.obj
 0001:00004150       ?length@charNode@@UEBAHXZ  0000000180005150 f   libvcruntime:undname.obj
 0001:00004150       _get_startup_argv_mode     0000000180005150 f   LIBCMT:argv_mode.obj
 0001:00004158       __local_stdio_printf_options 0000000180005158 f i LIBCMT:default_local_stdio_options.obj
 0001:00004160       __local_stdio_scanf_options 0000000180005160 f i LIBCMT:default_local_stdio_options.obj
 0001:00004168       __scrt_initialize_default_local_stdio_options 0000000180005168 f   LIBCMT:default_local_stdio_options.obj
 0001:00004184       __scrt_acquire_startup_lock 0000000180005184 f   LIBCMT:utility.obj
 0001:000041c0       __scrt_dllmain_after_initialize_c 00000001800051c0 f   LIBCMT:utility.obj
 0001:000041f4       __scrt_dllmain_before_initialize_c 00000001800051f4 f   LIBCMT:utility.obj
 0001:0000420c       __scrt_dllmain_crt_thread_attach 000000018000520c f   LIBCMT:utility.obj
 0001:00004234       __scrt_dllmain_crt_thread_detach 0000000180005234 f   LIBCMT:utility.obj
 0001:0000424c       __scrt_dllmain_exception_filter 000000018000524c f   LIBCMT:utility.obj
 0001:000042ac       __scrt_dllmain_uninitialize_c 00000001800052ac f   LIBCMT:utility.obj
 0001:000042dc       __scrt_dllmain_uninitialize_critical 00000001800052dc f   LIBCMT:utility.obj
 0001:000042f0       __scrt_initialize_crt      00000001800052f0 f   LIBCMT:utility.obj
 0001:0000433c       __scrt_initialize_onexit_tables 000000018000533c f   LIBCMT:utility.obj
 0001:000043c8       __scrt_is_nonwritable_in_current_image 00000001800053c8 f   LIBCMT:utility.obj
 0001:00004460       __scrt_release_startup_lock 0000000180005460 f   LIBCMT:utility.obj
 0001:00004484       __scrt_uninitialize_crt    0000000180005484 f   LIBCMT:utility.obj
 0001:000044b0       __scrt_get_dyn_tls_init_callback 00000001800054b0 f   LIBCMT:dyn_tls_init.obj
 0001:000044b8       __crt_debugger_hook        00000001800054b8 f   LIBCMT:utility_desktop.obj
 0001:000044c0       __scrt_fastfail            00000001800054c0 f   LIBCMT:utility_desktop.obj
 0001:0000460c       _RTC_Initialize            000000018000560c f   LIBCMT:initsect.obj
 0001:00004648       _RTC_Terminate             0000000180005648 f   LIBCMT:initsect.obj
 0001:00004690       __common_ssin_cout_rare    0000000180005690 f   LIBCMT:svml_s_sin_cout.obj
 0001:00004700       __scrt_is_ucrt_dll_in_use  0000000180005700 f   LIBCMT:ucrt_detection.obj
 0001:0000470c       _get_purecall_handler      000000018000570c f   libvcruntime:purevirt.obj
 0001:00004718       _purecall                  0000000180005718 f   libvcruntime:purevirt.obj
 0001:0000473c       __std_type_info_compare    000000018000573c f   libvcruntime:std_type_info.obj
 0001:00004764       __std_type_info_destroy_list 0000000180005764 f   libvcruntime:std_type_info.obj
 0001:00004790       __std_type_info_name       0000000180005790 f   libvcruntime:std_type_info.obj
 0001:000048c0       memset_repmovs             00000001800058c0 f   libvcruntime:memset.obj
 0001:000048e0       memset                     00000001800058e0 f   libvcruntime:memset.obj
 0001:00004a70       strstr                     0000000180005a70 f   libvcruntime:strstr.obj
 0001:00004c6c       __C_specific_handler       0000000180005c6c f   libvcruntime:riscchandler.obj
 0001:00004e78       __vcrt_initialize          0000000180005e78 f   libvcruntime:initialization.obj
 0001:00004ea0       __vcrt_thread_attach       0000000180005ea0 f   libvcruntime:initialization.obj
 0001:00004eb4       __vcrt_thread_detach       0000000180005eb4 f   libvcruntime:initialization.obj
 0001:00004ec8       __vcrt_uninitialize        0000000180005ec8 f   libvcruntime:initialization.obj
 0001:00004ee4       __vcrt_uninitialize_critical 0000000180005ee4 f   libvcruntime:initialization.obj
 0001:00004ef4       __DestructExceptionObject  0000000180005ef4 f   libvcruntime:ehhelpers.obj
 0001:00004f64       ?_CallMemberFunction0@@YAXQEAX0@Z 0000000180005f64 f i libvcruntime:ehhelpers.obj
 0001:00004f68       _IsExceptionObjectToBeDestroyed 0000000180005f68 f   libvcruntime:ehhelpers.obj
 0001:00004f98       __AdjustPointer            0000000180005f98 f   libvcruntime:ehhelpers.obj
 0001:00004fbc       __FrameUnwindFilter        0000000180005fbc f   libvcruntime:ehhelpers.obj
 0001:00005024       __std_terminate            0000000180006024 f   libvcruntime:ehhelpers.obj
 0001:00005030       ??$?0$00@DName@@QEAA@PEBDU?$StringLifeSelector@$00@@@Z 0000000180006030 f i libvcruntime:undname.obj
 0001:00005070       ??$?0$01@DName@@QEAA@PEBDU?$StringLifeSelector@$01@@@Z 0000000180006070 f i libvcruntime:undname.obj
 0001:00005070       ??$?0$0A@@DName@@QEAA@PEBDU?$StringLifeSelector@$0A@@@@Z 0000000180006070 f i libvcruntime:undname.obj
 0001:000050b0       ??$?0$01@pcharNode@@QEAA@PEBDHU?$StringLifeSelector@$01@@@Z 00000001800060b0 f i libvcruntime:undname.obj
 0001:000050b0       ??$?0$0A@@pcharNode@@QEAA@PEBDHU?$StringLifeSelector@$0A@@@@Z 00000001800060b0 f i libvcruntime:undname.obj
 0001:00005124       ??$append@VDNameNode@@@DName@@AEAAXPEBVDNameNode@@@Z 0000000180006124 f i libvcruntime:undname.obj
 0001:00005124       ??$append@VDNameStatusNode@@@DName@@AEAAXPEBVDNameStatusNode@@@Z 0000000180006124 f i libvcruntime:undname.obj
 0001:00005124       ??$append@VcharNode@@@DName@@AEAAXPEBVcharNode@@@Z 0000000180006124 f i libvcruntime:undname.obj
 0001:00005124       ??$append@VpcharNode@@@DName@@AEAAXPEBVpcharNode@@@Z 0000000180006124 f i libvcruntime:undname.obj
 0001:00005188       ??$doPchar@$00@DName@@AEAAXPEBDH@Z 0000000180006188 f i libvcruntime:undname.obj
 0001:0000522c       ??$doPchar@$01@DName@@AEAAXPEBDH@Z 000000018000622c f i libvcruntime:undname.obj
 0001:0000522c       ??$doPchar@$0A@@DName@@AEAAXPEBDH@Z 000000018000622c f i libvcruntime:undname.obj
 0001:000052c4       ??0DName@@QEAA@AEAPEBDD@Z  00000001800062c4 f   libvcruntime:undname.obj
 0001:00005374       ??0DName@@QEAA@AEBUStringLiteral@@@Z 0000000180006374 f   libvcruntime:undname.obj
 0001:000053a0       ??0DName@@QEAA@PEAV0@@Z    00000001800063a0 f   libvcruntime:undname.obj
 0001:00005424       ??0DName@@QEAA@_J@Z        0000000180006424 f   libvcruntime:undname.obj
 0001:000054cc       ??0DName@@QEAA@_K@Z        00000001800064cc f   libvcruntime:undname.obj
 0001:0000555c       ??2@YAPEAX_KAEAV_HeapManager@@H@Z 000000018000655c f   libvcruntime:undname.obj
 0001:00005588       ??AReplicator@@QEBA?AVDName@@H@Z 0000000180006588 f   libvcruntime:undname.obj
 0001:000055c8       ??HDName@@QEBA?AV0@AEBUStringLiteral@@@Z 00000001800065c8 f   libvcruntime:undname.obj
 0001:000055f4       ??HDName@@QEBA?AV0@AEBV0@@Z 00000001800065f4 f   libvcruntime:undname.obj
 0001:00005620       ??HDName@@QEBA?AV0@D@Z     0000000180006620 f   libvcruntime:undname.obj
 0001:0000564c       ??HDName@@QEBA?AV0@W4DNameStatus@@@Z 000000018000664c f   libvcruntime:undname.obj
 0001:00005678       ??YDName@@QEAAAEAV0@AEBUStringLiteral@@@Z 0000000180006678 f   libvcruntime:undname.obj
 0001:000056f8       ??YDName@@QEAAAEAV0@AEBV0@@Z 00000001800066f8 f   libvcruntime:undname.obj
 0001:000057ac       ??YDName@@QEAAAEAV0@D@Z    00000001800067ac f   libvcruntime:undname.obj
 0001:00005818       ??YDName@@QEAAAEAV0@W4DNameStatus@@@Z 0000000180006818 f   libvcruntime:undname.obj
 0001:00005884       ??YReplicator@@QEAAAEAV0@AEBVDName@@@Z 0000000180006884 f   libvcruntime:undname.obj
 0001:000058dc       ?UScore@UnDecorator@@SA?AUStringLiteral@@W4Tokens@@@Z 00000001800068dc f   libvcruntime:undname.obj
 0001:00005928       ?composeDeclaration@UnDecorator@@CA?AVDName@@AEBV2@@Z 0000000180006928 f i libvcruntime:undname.obj
 0001:000067d0       ?doPchar@DName@@AEAAXD@Z   00000001800077d0 f   libvcruntime:undname.obj
 0001:00006820       ?getAddressOf@UnDecorator@@CA?AVDName@@XZ 0000000180007820 f   libvcruntime:undname.obj
 0001:000068b0       ?getArgumentList@UnDecorator@@CA?AVDName@@XZ 00000001800078b0 f   libvcruntime:undname.obj
 0001:00006a44       ?getArgumentTypes@UnDecorator@@CA?AVDName@@XZ 0000000180007a44 f   libvcruntime:undname.obj
 0001:00006ba0       ?getArrayAccess@UnDecorator@@CA?AVDName@@XZ 0000000180007ba0 f   libvcruntime:undname.obj
 0001:00006c3c       ?getArrayObject@UnDecorator@@CA?AVDName@@XZ 0000000180007c3c f   libvcruntime:undname.obj
 0001:00006d04       ?getArrayType@UnDecorator@@CA?AVDName@@AEBV2@@Z 0000000180007d04 f i libvcruntime:undname.obj
 0001:00006f4c       ?getBasedType@UnDecorator@@CA?AVDName@@XZ 0000000180007f4c f   libvcruntime:undname.obj
 0001:00007044       ?getBasicDataType@UnDecorator@@CA?AVDName@@AEBV2@@Z 0000000180008044 f   libvcruntime:undname.obj
 0001:000075f4       ?getCallingConvention@UnDecorator@@CA?AVDName@@XZ 00000001800085f4 f   libvcruntime:undname.obj
 0001:00007734       ?getDataIndirectType@UnDecorator@@CA?AVDName@@AEBV2@W4IndirectionKind@@0H@Z 0000000180008734 f   libvcruntime:undname.obj
 0001:00007fcc       ?getDataType@UnDecorator@@CA?AVDName@@PEAV2@@Z 0000000180008fcc f   libvcruntime:undname.obj
 0001:000080e0       ?getDecoratedName@UnDecorator@@CA?AVDName@@XZ 00000001800090e0 f   libvcruntime:undname.obj
 0001:000083c4       ?getDimension@UnDecorator@@CA?AVDName@@_N@Z 00000001800093c4 f   libvcruntime:undname.obj
 0001:00008510       ?getDispatchTarget@UnDecorator@@CA?AVDName@@XZ 0000000180009510 f   libvcruntime:undname.obj
 0001:0000855c       ?getECSUDataType@UnDecorator@@CA?AVDName@@XZ 000000018000955c f   libvcruntime:undname.obj
 0001:0000873c       ?getEnumType@UnDecorator@@CA?AVDName@@XZ 000000018000973c f i libvcruntime:undname.obj
 0001:0000886c       ?getExtendedDataIndirectType@UnDecorator@@CA?AVDName@@AEAW4IndirectionKind@@AEA_NH@Z 000000018000986c f   libvcruntime:undname.obj
 0001:00008a74       ?getExternalDataType@UnDecorator@@CA?AVDName@@AEBV2@@Z 0000000180009a74 f i libvcruntime:undname.obj
 0001:00008b34       ?getFloatingPoint@UnDecorator@@CA?AVDName@@H@Z 0000000180009b34 f   libvcruntime:undname.obj
 0001:00008c5c       ?getFunctionIndirectType@UnDecorator@@CA?AVDName@@AEBV2@@Z 0000000180009c5c f   libvcruntime:undname.obj
 0001:00009194       ?getLastChar@DNameStatusNode@@UEBADXZ 000000018000a194 f i libvcruntime:undname.obj
 0001:000091a0       ?getLastChar@charNode@@UEBADXZ 000000018000a1a0 f i libvcruntime:undname.obj
 0001:000091a4       ?getLastChar@pDNameNode@@UEBADXZ 000000018000a1a4 f i libvcruntime:undname.obj
 0001:000091d0       ?getLastChar@pairNode@@UEBADXZ 000000018000a1d0 f i libvcruntime:undname.obj
 0001:00009208       ?getLastChar@pcharNode@@UEBADXZ 000000018000a208 f i libvcruntime:undname.obj
 0001:0000921c       ?getLexicalFrame@UnDecorator@@CA?AVDName@@XZ 000000018000a21c f i libvcruntime:undname.obj
 0001:00009280       ?getMemberAccess@UnDecorator@@CA?AVDName@@XZ 000000018000a280 f   libvcruntime:undname.obj
 0001:00009314       ?getMemoryWithBuffer@_HeapManager@@QEAAPEAX_K@Z 000000018000a314 f   libvcruntime:undname.obj
 0001:000093a4       ?getNoexcept@UnDecorator@@CA?AVDName@@XZ 000000018000a3a4 f   libvcruntime:undname.obj
 0001:00009408       ?getNumberOfDimensions@UnDecorator@@CAHXZ 000000018000a408 f   libvcruntime:undname.obj
 0001:0000947c       ?getOperatorName@UnDecorator@@CA?AVDName@@_NPEA_N@Z 000000018000a47c f i libvcruntime:undname.obj
 0001:00009e70       ?getPointerToMember@UnDecorator@@CA?AVDName@@XZ 000000018000ae70 f   libvcruntime:undname.obj
 0001:00009f68       ?getPrimaryDataType@UnDecorator@@CA?AVDName@@AEBV2@@Z 000000018000af68 f   libvcruntime:undname.obj
 0001:0000a21c       ?getPtrRefDataType@UnDecorator@@CA?AVDName@@AEBV2@H@Z 000000018000b21c f   libvcruntime:undname.obj
 0001:0000a3e8       ?getPtrRefType@UnDecorator@@CA?AVDName@@AEBV2@0W4IndirectionKind@@@Z 000000018000b3e8 f   libvcruntime:undname.obj
 0001:0000a5c0       ?getRestrictionSpec@UnDecorator@@CA?AVDName@@XZ 000000018000b5c0 f   libvcruntime:undname.obj
 0001:0000a78c       ?getReturnType@UnDecorator@@CA?AVDName@@PEAV2@@Z 000000018000b78c f   libvcruntime:undname.obj
 0001:0000a7c0       ?getScope@UnDecorator@@CA?AVDName@@XZ 000000018000b7c0 f   libvcruntime:undname.obj
 0001:0000ac74       ?getScopedName@UnDecorator@@CA?AVDName@@XZ 000000018000bc74 f   libvcruntime:undname.obj
 0001:0000adb0       ?getSignedDimension@UnDecorator@@CA?AVDName@@XZ 000000018000bdb0 f   libvcruntime:undname.obj
 0001:0000ae38       ?getString@DNameStatusNode@@UEBAPEADPEAD0@Z 000000018000be38 f i libvcruntime:undname.obj
 0001:0000ae80       ?getString@charNode@@UEBAPEADPEAD0@Z 000000018000be80 f i libvcruntime:undname.obj
 0001:0000ae94       ?getString@pDNameNode@@UEBAPEADPEAD0@Z 000000018000be94 f i libvcruntime:undname.obj
 0001:0000aec4       ?getString@pairNode@@UEBAPEADPEAD0@Z 000000018000bec4 f i libvcruntime:undname.obj
 0001:0000af10       ?getString@pcharNode@@UEBAPEADPEAD0@Z 000000018000bf10 f i libvcruntime:undname.obj
 0001:0000af48       ?getStringEncoding@UnDecorator@@CA?AVDName@@W4PrefixKind@@H@Z 000000018000bf48 f   libvcruntime:undname.obj
 0001:0000b02c       ?getStringObject@UnDecorator@@CA?AVDName@@XZ 000000018000c02c f   libvcruntime:undname.obj
 0001:0000b094       ?getSymbolName@UnDecorator@@CA?AVDName@@XZ 000000018000c094 f i libvcruntime:undname.obj
 0001:0000b0e0       ?getTemplateArgumentList@UnDecorator@@CA?AVDName@@XZ 000000018000c0e0 f   libvcruntime:undname.obj
 0001:0000b354       ?getTemplateName@UnDecorator@@CA?AVDName@@_N@Z 000000018000c354 f   libvcruntime:undname.obj
 0001:0000b5e8       ?getTemplateNonTypeArgument@UnDecorator@@CA?AVDName@@XZ 000000018000c5e8 f   libvcruntime:undname.obj
 0001:0000bb1c       ?getTemplateTypeArgument@UnDecorator@@CA?AVDName@@XZ 000000018000cb1c f   libvcruntime:undname.obj
 0001:0000bc84       ?getThrowTypes@UnDecorator@@CA?AVDName@@XZ 000000018000cc84 f   libvcruntime:undname.obj
 0001:0000bca8       ?getTypeEncoding@UnDecorator@@CAHXZ 000000018000cca8 f i libvcruntime:undname.obj
 0001:0000c038       ?getUndecoratedName@UnDecorator@@QEAAPEADPEADH@Z 000000018000d038 f i libvcruntime:undname.obj
 0001:0000c18c       ?getUnionObject@UnDecorator@@CA?AVDName@@XZ 000000018000d18c f   libvcruntime:undname.obj
 0001:0000c264       ?getVCallThunkType@UnDecorator@@CA?AVDName@@XZ 000000018000d264 f i libvcruntime:undname.obj
 0001:0000c2dc       ?getValue@UnDecorator@@CA?AV?$optional@_K@std@@XZ 000000018000d2dc f   libvcruntime:undname.obj
 0001:0000c350       ?getValueObject@UnDecorator@@CA?AVDName@@XZ 000000018000d350 f   libvcruntime:undname.obj
 0001:0000c4a8       ?getVdispMapType@UnDecorator@@CA?AVDName@@AEBV2@@Z 000000018000d4a8 f i libvcruntime:undname.obj
 0001:0000c524       ?getVfTableType@UnDecorator@@CA?AVDName@@AEBV2@@Z 000000018000d524 f i libvcruntime:undname.obj
 0001:0000c72c       ?getZName@UnDecorator@@CA?AVDName@@_N0@Z 000000018000d72c f   libvcruntime:undname.obj
 0001:0000ca14       ?raw_length@DNameStatusNode@@UEBAHXZ 000000018000da14 f i libvcruntime:undname.obj
 0001:0000ca14       ?length@DNameStatusNode@@UEBAHXZ 000000018000da14 f i libvcruntime:undname.obj
 0001:0000ca18       ?length@pDNameNode@@UEBAHXZ 000000018000da18 f i libvcruntime:undname.obj
 0001:0000ca40       ?length@pairNode@@UEBAHXZ  000000018000da40 f i libvcruntime:undname.obj
 0001:0000ca88       ?length@pcharNode@@UEBAHXZ 000000018000da88 f i libvcruntime:undname.obj
 0001:0000ca88       ?raw_length@pcharNode@@UEBAHXZ 000000018000da88 f i libvcruntime:undname.obj
 0001:0000ca8c       ?parseDecoratedName@UnDecorator@@CA?AVDName@@XZ 000000018000da8c f   libvcruntime:undname.obj
 0001:0000cba0       ?raw_length@pDNameNode@@UEBAHXZ 000000018000dba0 f i libvcruntime:undname.obj
 0001:0000cba4       ?raw_length@pairNode@@UEBAHXZ 000000018000dba4 f i libvcruntime:undname.obj
 0001:0000cba8       __unDName                  000000018000dba8 f   libvcruntime:undname.obj
 0001:0000cbd0       __unDNameEx                000000018000dbd0 f   libvcruntime:undname.obj
 0001:0000cd04       sprintf_s                  000000018000dd04 f i libvcruntime:undname.obj
 0001:0000cd70       _NLG_Notify                000000018000dd70 f   libvcruntime:notify.obj
 0001:0000cd90       __NLG_Dispatch2            000000018000dd90 f   libvcruntime:notify.obj
 0001:0000cda0       __NLG_Return2              000000018000dda0 f   libvcruntime:notify.obj
 0001:0000cda4       __except_validate_context_record 000000018000dda4 f   libvcruntime:jbcxrval.obj
 0001:0000cddc       __vcrt_freefls             000000018000dddc f   libvcruntime:per_thread_data.obj
 0001:0000cdfc       __vcrt_freeptd             000000018000ddfc f   libvcruntime:per_thread_data.obj
 0001:0000ce4c       __vcrt_getptd              000000018000de4c f   libvcruntime:per_thread_data.obj
 0001:0000ce68       __vcrt_getptd_noexit       000000018000de68 f   libvcruntime:per_thread_data.obj
 0001:0000cf28       __vcrt_initialize_ptd      000000018000df28 f   libvcruntime:per_thread_data.obj
 0001:0000cf70       __vcrt_uninitialize_ptd    000000018000df70 f   libvcruntime:per_thread_data.obj
 0001:0000cf94       __vcrt_initialize_locks    000000018000df94 f   libvcruntime:locks.obj
 0001:0000cfc8       __vcrt_lock                000000018000dfc8 f   libvcruntime:locks.obj
 0001:0000cfe4       __vcrt_uninitialize_locks  000000018000dfe4 f   libvcruntime:locks.obj
 0001:0000d01c       __vcrt_unlock              000000018000e01c f   libvcruntime:locks.obj
 0001:0000d038       ??$_CallSETranslator@V__FrameHandler3@@@@YAHPEAUEHExceptionRecord@@PEA_KPEAU_CONTEXT@@PEAU_xDISPATCHER_CONTEXT@@PEBU_s_FuncInfo@@K1H@Z 000000018000e038 f i libvcruntime:risctrnsctrl.obj
 0001:0000d08c       ??$_CallSETranslator@V__FrameHandler4@@@@YAHPEAUEHExceptionRecord@@PEA_KPEAU_CONTEXT@@PEAU_xDISPATCHER_CONTEXT@@PEAUFuncInfo4@FH4@@K1H@Z 000000018000e08c f i libvcruntime:risctrnsctrl.obj
 0001:0000d0e0       ?CatchTryBlock@__FrameHandler3@@SAPEBU_s_TryBlockMapEntry@@PEBU_s_FuncInfo@@H@Z 000000018000e0e0 f   libvcruntime:risctrnsctrl.obj
 0001:0000d134       ?DecompFuncInfo@FH4@@YA_JPEAEAEAUFuncInfo4@1@_KH_N@Z 000000018000e134 f i libvcruntime:risctrnsctrl.obj
 0001:0000d258       ?ExecutionInCatch@__FrameHandler3@@SA_NPEAU_xDISPATCHER_CONTEXT@@PEBU_s_FuncInfo@@@Z 000000018000e258 f   libvcruntime:risctrnsctrl.obj
 0001:0000d284       ?ExecutionInCatch@__FrameHandler4@@SA_NPEAU_xDISPATCHER_CONTEXT@@PEAUFuncInfo4@FH4@@@Z 000000018000e284 f   libvcruntime:risctrnsctrl.obj
 0001:0000d28c       ?FrameUnwindToEmptyState@__FrameHandler3@@SAXPEA_KPEAU_xDISPATCHER_CONTEXT@@PEBU_s_FuncInfo@@@Z 000000018000e28c f   libvcruntime:risctrnsctrl.obj
 0001:0000d2f0       ?FrameUnwindToEmptyState@__FrameHandler4@@SAXPEA_KPEAU_xDISPATCHER_CONTEXT@@PEAUFuncInfo4@FH4@@@Z 000000018000e2f0 f   libvcruntime:risctrnsctrl.obj
 0001:0000d324       ?GetEstablisherFrame@__FrameHandler3@@SAPEA_KPEA_KPEAU_xDISPATCHER_CONTEXT@@PEBU_s_FuncInfo@@0@Z 000000018000e324 f   libvcruntime:risctrnsctrl.obj
 0001:0000d3f0       ?GetEstablisherFrame@__FrameHandler4@@SAPEA_KPEA_KPEAU_xDISPATCHER_CONTEXT@@PEAUFuncInfo4@FH4@@0@Z 000000018000e3f0 f   libvcruntime:risctrnsctrl.obj
 0001:0000d414       ?GetRangeOfTrysToCheck@__FrameHandler3@@SA?AU?$pair@Viterator@TryBlockMap@__FrameHandler3@@V123@@std@@AEAVTryBlockMap@1@HPEAU_xDISPATCHER_CONTEXT@@PEBU_s_FuncInfo@@H@Z 000000018000e414 f   libvcruntime:risctrnsctrl.obj
 0001:0000d554       ?GetRangeOfTrysToCheck@__FrameHandler4@@SA?AU?$pair@Viterator@TryBlockMap4@FH4@@V123@@std@@AEAVTryBlockMap4@FH4@@HPEAU_xDISPATCHER_CONTEXT@@PEAUFuncInfo4@5@H@Z 000000018000e554 f   libvcruntime:risctrnsctrl.obj
 0001:0000d6bc       ?UnwindNestedFrames@__FrameHandler3@@SAXPEA_KPEAUEHExceptionRecord@@PEAU_CONTEXT@@0PEAXPEBU_s_FuncInfo@@HHPEBU_s_HandlerType@@PEAU_xDISPATCHER_CONTEXT@@E@Z 000000018000e6bc f   libvcruntime:risctrnsctrl.obj
 0001:0000d7c0       ?UnwindNestedFrames@__FrameHandler4@@SAXPEA_KPEAUEHExceptionRecord@@PEAU_CONTEXT@@0PEAXPEAUFuncInfo4@FH4@@HHPEAUHandlerType4@5@PEAU_xDISPATCHER_CONTEXT@@E@Z 000000018000e7c0 f   libvcruntime:risctrnsctrl.obj
 0001:0000d8e0       ?setBuffer@TryBlockMap4@FH4@@QEAAXViterator@12@@Z 000000018000e8e0 f i libvcruntime:risctrnsctrl.obj
 0001:0000daa0       _CreateFrameInfo           000000018000eaa0 f   libvcruntime:risctrnsctrl.obj
 0001:0000dadc       _FindAndUnlinkFrame        000000018000eadc f   libvcruntime:risctrnsctrl.obj
 0001:0000db30       _GetImageBase              000000018000eb30 f   libvcruntime:risctrnsctrl.obj
 0001:0000db44       _GetThrowImageBase         000000018000eb44 f   libvcruntime:risctrnsctrl.obj
 0001:0000db58       _SetImageBase              000000018000eb58 f   libvcruntime:risctrnsctrl.obj
 0001:0000db70       _SetThrowImageBase         000000018000eb70 f   libvcruntime:risctrnsctrl.obj
 0001:0000db88       __CxxFrameHandler3         000000018000eb88 f   libvcruntime:risctrnsctrl.obj
 0001:0000dc10       __CxxFrameHandler4         000000018000ec10 f   libvcruntime:risctrnsctrl.obj
 0001:0000dce0       memcpy_repmovs             000000018000ece0 f   libvcruntime:memcpy.obj
 0001:0000dd00       memcpy                     000000018000ed00 f   libvcruntime:memcpy.obj
 0001:0000dd00       memmove                    000000018000ed00 f   libvcruntime:memcpy.obj
 0001:0000e4c8       __vcrt_FlsAlloc            000000018000f4c8 f   libvcruntime:winapi_downlevel.obj
 0001:0000e510       __vcrt_FlsFree             000000018000f510 f   libvcruntime:winapi_downlevel.obj
 0001:0000e558       __vcrt_FlsGetValue         000000018000f558 f   libvcruntime:winapi_downlevel.obj
 0001:0000e5a0       __vcrt_FlsSetValue         000000018000f5a0 f   libvcruntime:winapi_downlevel.obj
 0001:0000e5f4       __vcrt_InitializeCriticalSectionEx 000000018000f5f4 f   libvcruntime:winapi_downlevel.obj
 0001:0000e658       ?GetCurrentState@__FrameHandler3@@SAHPEA_KPEAU_xDISPATCHER_CONTEXT@@PEBU_s_FuncInfo@@@Z 000000018000f658 f   libvcruntime:ehstate.obj
 0001:0000e680       ?GetUnwindTryBlock@__FrameHandler3@@SAHPEA_KPEAU_xDISPATCHER_CONTEXT@@PEBU_s_FuncInfo@@@Z 000000018000f680 f   libvcruntime:ehstate.obj
 0001:0000e6ac       ?SetState@__FrameHandler3@@SAXPEA_KPEBU_s_FuncInfo@@H@Z 000000018000f6ac f   libvcruntime:ehstate.obj
 0001:0000e6b8       ?SetUnwindTryBlock@__FrameHandler3@@SAXPEA_KPEAU_xDISPATCHER_CONTEXT@@PEBU_s_FuncInfo@@H@Z 000000018000f6b8 f   libvcruntime:ehstate.obj
 0001:0000e6f4       ?StateFromControlPc@__FrameHandler3@@SAHPEBU_s_FuncInfo@@PEAU_xDISPATCHER_CONTEXT@@@Z 000000018000f6f4 f   libvcruntime:ehstate.obj
 0001:0000e6fc       ?StateFromControlPc@__FrameHandler4@@SAHPEAUFuncInfo4@FH4@@PEAU_xDISPATCHER_CONTEXT@@@Z 000000018000f6fc f   libvcruntime:ehstate.obj
 0001:0000e704       ?StateFromIp@__FrameHandler3@@SAHPEBU_s_FuncInfo@@PEAU_xDISPATCHER_CONTEXT@@_K@Z 000000018000f704 f   libvcruntime:ehstate.obj
 0001:0000e76c       ?StateFromIp@__FrameHandler4@@SAHPEAUFuncInfo4@FH4@@PEAU_xDISPATCHER_CONTEXT@@_K@Z 000000018000f76c f   libvcruntime:ehstate.obj
 0001:0000fe50       ??$TypeMatchHelper@V__FrameHandler3@@@@YAHPEBU_s_HandlerType@@PEBU_s_CatchableType@@PEBU_s_ThrowInfo@@@Z 0000000180010e50 f i libvcruntime:frame.obj
 0001:0000ff90       ??$TypeMatchHelper@V__FrameHandler4@@@@YAHPEAUHandlerType4@FH4@@PEBU_s_CatchableType@@PEBU_s_ThrowInfo@@@Z 0000000180010f90 f i libvcruntime:frame.obj
 0001:000100d4       ??$__InternalCxxFrameHandler@V__FrameHandler3@@@@YA?AW4_EXCEPTION_DISPOSITION@@PEAUEHExceptionRecord@@PEA_KPEAU_CONTEXT@@PEAU_xDISPATCHER_CONTEXT@@PEBU_s_FuncInfo@@H1E@Z 00000001800110d4 f i libvcruntime:frame.obj
 0001:0001030c       ??$__InternalCxxFrameHandler@V__FrameHandler4@@@@YA?AW4_EXCEPTION_DISPOSITION@@PEAUEHExceptionRecord@@PEA_KPEAU_CONTEXT@@PEAU_xDISPATCHER_CONTEXT@@PEAUFuncInfo4@FH4@@H1E@Z 000000018001130c f i libvcruntime:frame.obj
 0001:000105a0       ??0HandlerMap4@FH4@@QEAA@PEBUTryBlockMapEntry4@1@_KH@Z 00000001800115a0 f i libvcruntime:frame.obj
 0001:0001061c       ??0TryBlockMap4@FH4@@QEAA@PEBUFuncInfo4@1@_K@Z 000000018001161c f i libvcruntime:frame.obj
 0001:000106f4       ??0bad_exception@std@@QEAA@AEBV01@@Z 00000001800116f4 f i libvcruntime:frame.obj
 0001:00010730       ??0bad_exception@std@@QEAA@XZ 0000000180011730 f i libvcruntime:frame.obj
 0001:00010750       ??0exception@std@@QEAA@AEBV01@@Z 0000000180011750 f i libvcruntime:frame.obj
 0001:00010784       ??1bad_exception@std@@UEAA@XZ 0000000180011784 f i libvcruntime:frame.obj
 0001:00010798       ??_Gbad_exception@std@@UEAAPEAXI@Z 0000000180011798 f i libvcruntime:frame.obj
 0001:00010798       ??_Gexception@std@@UEAAPEAXI@Z 0000000180011798 f i libvcruntime:frame.obj
 0001:00010798       ??_Ebad_exception@std@@UEAAPEAXI@Z 0000000180011798 f i libvcruntime:frame.obj
 0001:00010798       ??_Eexception@std@@UEAAPEAXI@Z 0000000180011798 f i libvcruntime:frame.obj
 0001:000107dc       ?CxxCallCatchBlock@__FrameHandler3@@SAPEAXPEAU_EXCEPTION_RECORD@@@Z 00000001800117dc f   libvcruntime:frame.obj
 0001:000109c8       ?CxxCallCatchBlock@__FrameHandler4@@SAPEAXPEAU_EXCEPTION_RECORD@@@Z 00000001800119c8 f   libvcruntime:frame.obj
 0001:00010c18       ?DecompHandler@HandlerMap4@FH4@@AEAAXXZ 0000000180011c18 f i libvcruntime:frame.obj
 0001:00010e58       ?FrameUnwindToState@__FrameHandler3@@SAXPEA_KPEAU_xDISPATCHER_CONTEXT@@PEBU_s_FuncInfo@@H@Z 0000000180011e58 f   libvcruntime:frame.obj
 0001:00010fe4       ?FrameUnwindToState@__FrameHandler4@@SAXPEA_KPEAU_xDISPATCHER_CONTEXT@@PEAUFuncInfo4@FH4@@H@Z 0000000180011fe4 f   libvcruntime:frame.obj
 0001:000112cc       ?GetHandlerSearchState@__FrameHandler3@@SAHPEA_KPEAU_xDISPATCHER_CONTEXT@@PEBU_s_FuncInfo@@@Z 00000001800122cc f i libvcruntime:frame.obj
 0001:000114dc       ?ReadEntry@UWMap4@FH4@@AEAAXPEAPEAE@Z 00000001800124dc f i libvcruntime:frame.obj
 0001:0001157c       ?_CallMemberFunction1@@YAXQEAX00@Z 000000018001257c f i libvcruntime:frame.obj
 0001:00011588       ?_CallMemberFunction2@@YAXQEAX00H@Z 0000000180012588 f i libvcruntime:frame.obj
 0001:00011598       ?getStartStop@UWMap4@FH4@@QEAAXHHAEAViterator@12@0@Z 0000000180012598 f i libvcruntime:frame.obj
 0001:00011668       ?getStateFromIterators@UWMap4@FH4@@SAHAEBViterator@12@H0H0@Z 0000000180012668 f i libvcruntime:frame.obj
 0001:00011730       ?what@exception@std@@UEBAPEBDXZ 0000000180012730 f i libvcruntime:frame.obj
 0001:00011760       _CallSettingFrame          0000000180012760 f   libvcruntime:handlers.obj
 0001:000117b0       _CallSettingFrame_LookupContinuationIndex 00000001800127b0 f   libvcruntime:handlers.obj
 0001:000117e0       _CallSettingFrame_NotifyContinuationAddr 00000001800127e0 f   libvcruntime:handlers.obj
 0001:00011810       _CallSettingFrameEncoded   0000000180012810 f   libvcruntime:handlers.obj
 0001:00011858       __std_exception_copy       0000000180012858 f   libvcruntime:std_exception.obj
 0001:000118e8       __std_exception_destroy    00000001800128e8 f   libvcruntime:std_exception.obj
 0001:00011910       _CxxThrowException         0000000180012910 f   libvcruntime:throw.obj
 0001:000119b0       cosf                       00000001800129b0 f   libucrt:cosf.obj
 0001:00011eb0       sinf                       0000000180012eb0 f   libucrt:sinf.obj
 0001:000125a8       free                       00000001800135a8 f   libucrt:free.obj
 0001:000125bc       _initterm                  00000001800135bc f   libucrt:initterm.obj
 0001:00012600       _initterm_e                0000000180013600 f   libucrt:initterm.obj
 0001:00012648       _seh_filter_dll            0000000180013648 f   libucrt:exception_filter.obj
 0001:0001265c       _seh_filter_exe            000000018001365c f   libucrt:exception_filter.obj
 0001:00012a80       __acrt_initialize_thread_local_exit_callback 0000000180013a80 f   libucrt:exit.obj
 0001:00012a88       _cexit                     0000000180013a88 f   libucrt:exit.obj
 0001:00012a98       _exit                      0000000180013a98 f   libucrt:exit.obj
 0001:00012aa4       _is_c_termination_complete 0000000180013aa4 f   libucrt:exit.obj
 0001:00012c6c       __acrt_allocate_buffer_for_argv 0000000180013c6c f   libucrt:argv_parsing.obj
 0001:00012ccc       _configure_narrow_argv     0000000180013ccc f   libucrt:argv_parsing.obj
 0001:00013054       __dcrt_uninitialize_environments_nolock 0000000180014054 f   libucrt:environment_initialization.obj
 0001:00013098       _initialize_narrow_environment 0000000180014098 f   libucrt:environment_initialization.obj
 0001:000131fc       _execute_onexit_table      00000001800141fc f   libucrt:onexit.obj
 0001:00013240       _initialize_onexit_table   0000000180014240 f   libucrt:onexit.obj
 0001:000132a0       __acrt_uninitialize_command_line 00000001800142a0 f   libucrt:argv_data.obj
 0001:00013398       __acrt_initialize          0000000180014398 f   libucrt:initialization.obj
 0001:000133ac       __acrt_thread_attach       00000001800143ac f   libucrt:initialization.obj
 0001:000133c0       __acrt_thread_detach       00000001800143c0 f   libucrt:initialization.obj
 0001:000133d0       __acrt_uninitialize        00000001800143d0 f   libucrt:initialization.obj
 0001:00013408       __acrt_uninitialize_critical 0000000180014408 f   libucrt:initialization.obj
 0001:00013418       terminate                  0000000180014418 f   libucrt:terminate.obj
 0001:00013444       abort                      0000000180014444 f   libucrt:abort.obj
 0001:0001349c       malloc                     000000018001449c f   libucrt:malloc.obj
 0001:000134a4       strcpy_s                   00000001800144a4 f   libucrt:strcpy_s.obj
 0001:000136b4       ??$ensure_buffer_is_big_enough@D@formatting_buffer@__crt_stdio_output@@QEAA_N_KAEAV__crt_cached_ptd_host@@@Z 00000001800146b4 f i libucrt:output.obj
 0001:0001375c       ??$parse_integer@KV?$c_string_character_source@D@__crt_strtox@@$0A@@__crt_strtox@@YAKAEAV__crt_cached_ptd_host@@V?$c_string_character_source@D@0@H_N@Z 000000018001475c f i libucrt:output.obj
 0001:00013a0c       ??$type_case_integer@$07@?$output_processor@DV?$string_output_adapter@D@__crt_stdio_output@@V?$format_validation_base@DV?$string_output_adapter@D@__crt_stdio_output@@@2@@__crt_stdio_output@@AEAA_N_N@Z 0000000180014a0c f i libucrt:output.obj
 0001:00013bf4       ??$type_case_integer@$09@?$output_processor@DV?$string_output_adapter@D@__crt_stdio_output@@V?$format_validation_base@DV?$string_output_adapter@D@__crt_stdio_output@@@2@@__crt_stdio_output@@AEAA_N_N@Z 0000000180014bf4 f i libucrt:output.obj
 0001:00013ddc       ??$type_case_integer@$0BA@@?$output_processor@DV?$string_output_adapter@D@__crt_stdio_output@@V?$format_validation_base@DV?$string_output_adapter@D@__crt_stdio_output@@@2@@__crt_stdio_output@@AEAA_N_N@Z 0000000180014ddc f i libucrt:output.obj
 0001:00013fc4       ??$type_case_integer_parse_into_buffer@I$07@?$output_processor@DV?$string_output_adapter@D@__crt_stdio_output@@V?$format_validation_base@DV?$string_output_adapter@D@__crt_stdio_output@@@2@@__crt_stdio_output@@AEAAXI_N@Z 0000000180014fc4 f i libucrt:output.obj
 0001:00014040       ??$type_case_integer_parse_into_buffer@I$09@?$output_processor@DV?$string_output_adapter@D@__crt_stdio_output@@V?$format_validation_base@DV?$string_output_adapter@D@__crt_stdio_output@@@2@@__crt_stdio_output@@AEAAXI_N@Z 0000000180015040 f i libucrt:output.obj
 0001:000140e8       ??$type_case_integer_parse_into_buffer@I$0BA@@?$output_processor@DV?$string_output_adapter@D@__crt_stdio_output@@V?$format_validation_base@DV?$string_output_adapter@D@__crt_stdio_output@@@2@@__crt_stdio_output@@AEAAXI_N@Z 00000001800150e8 f i libucrt:output.obj
 0001:00014174       ??$type_case_integer_parse_into_buffer@_K$07@?$output_processor@DV?$string_output_adapter@D@__crt_stdio_output@@V?$format_validation_base@DV?$string_output_adapter@D@__crt_stdio_output@@@2@@__crt_stdio_output@@AEAAX_K_N@Z 0000000180015174 f i libucrt:output.obj
 0001:000141f0       ??$type_case_integer_parse_into_buffer@_K$09@?$output_processor@DV?$string_output_adapter@D@__crt_stdio_output@@V?$format_validation_base@DV?$string_output_adapter@D@__crt_stdio_output@@@2@@__crt_stdio_output@@AEAAX_K_N@Z 00000001800151f0 f i libucrt:output.obj
 0001:0001429c       ??$type_case_integer_parse_into_buffer@_K$0BA@@?$output_processor@DV?$string_output_adapter@D@__crt_stdio_output@@V?$format_validation_base@DV?$string_output_adapter@D@__crt_stdio_output@@@2@@__crt_stdio_output@@AEAAX_K_N@Z 000000018001529c f i libucrt:output.obj
 0001:00014328       ?crop_zeroes@__crt_stdio_output@@YAXPEADQEAU__crt_locale_pointers@@@Z 0000000180015328 f i libucrt:output.obj
 0001:000143a0       ?get_raw_ptd@__crt_cached_ptd_host@@QEAAPEAU__acrt_ptd@@XZ 00000001800153a0 f i libucrt:output.obj
 0001:00014408       ?parse_int_from_format_string@?$output_processor@DV?$string_output_adapter@D@__crt_stdio_output@@V?$format_validation_base@DV?$string_output_adapter@D@__crt_stdio_output@@@2@@__crt_stdio_output@@AEAA_NQEAH@Z 0000000180015408 f i libucrt:output.obj
 0001:00014498       ?process@?$output_processor@DV?$string_output_adapter@D@__crt_stdio_output@@V?$format_validation_base@DV?$string_output_adapter@D@__crt_stdio_output@@@2@@__crt_stdio_output@@QEAAHXZ 0000000180015498 f i libucrt:output.obj
 0001:00014828       ?state_case_size@?$output_processor@DV?$string_output_adapter@D@__crt_stdio_output@@V?$format_validation_base@DV?$string_output_adapter@D@__crt_stdio_output@@@2@@__crt_stdio_output@@AEAA_NXZ 0000000180015828 f i libucrt:output.obj
 0001:000149ac       ?state_case_type@?$output_processor@DV?$string_output_adapter@D@__crt_stdio_output@@V?$format_validation_base@DV?$string_output_adapter@D@__crt_stdio_output@@@2@@__crt_stdio_output@@AEAA_NXZ 00000001800159ac f i libucrt:output.obj
 0001:00014d78       ?type_case_Z@?$output_processor@DV?$string_output_adapter@D@__crt_stdio_output@@V?$format_validation_base@DV?$string_output_adapter@D@__crt_stdio_output@@@2@@__crt_stdio_output@@AEAA_NXZ 0000000180015d78 f i libucrt:output.obj
 0001:00014df0       ?type_case_a@?$output_processor@DV?$string_output_adapter@D@__crt_stdio_output@@V?$format_validation_base@DV?$string_output_adapter@D@__crt_stdio_output@@@2@@__crt_stdio_output@@AEAA_NXZ 0000000180015df0 f i libucrt:output.obj
 0001:0001503c       ?type_case_c_tchar@?$output_processor@DV?$string_output_adapter@D@__crt_stdio_output@@V?$format_validation_base@DV?$string_output_adapter@D@__crt_stdio_output@@@2@@__crt_stdio_output@@AEAA_ND@Z 000000018001603c f i libucrt:output.obj
 0001:00015100       ?type_case_n@?$output_processor@DV?$string_output_adapter@D@__crt_stdio_output@@V?$format_validation_base@DV?$string_output_adapter@D@__crt_stdio_output@@@2@@__crt_stdio_output@@AEAA_NXZ 0000000180016100 f i libucrt:output.obj
 0001:000151b4       ?type_case_s@?$output_processor@DV?$string_output_adapter@D@__crt_stdio_output@@V?$format_validation_base@DV?$string_output_adapter@D@__crt_stdio_output@@@2@@__crt_stdio_output@@AEAA_NXZ 00000001800161b4 f i libucrt:output.obj
 0001:00015250       ?update_locale_slow@__crt_cached_ptd_host@@AEAAXXZ 0000000180016250 f i libucrt:output.obj
 0001:000152c8       ?write_string@?$string_output_adapter@D@__crt_stdio_output@@QEBAXQEBDHQEAHAEAV__crt_cached_ptd_host@@@Z 00000001800162c8 f i libucrt:output.obj
 0001:0001536c       __stdio_common_vsprintf_s  000000018001636c f   libucrt:output.obj
 0001:00015480       ??$parse_integer@KV?$c_string_character_source@D@__crt_strtox@@$00@__crt_strtox@@YAKAEAV__crt_cached_ptd_host@@V?$c_string_character_source@D@0@H_N@Z 0000000180016480 f i libucrt:atox.obj
 0001:00015760       _ischartype_l              0000000180016760 f i libucrt:atox.obj
 0001:000157d8       atol                       00000001800167d8 f   libucrt:atox.obj
 0001:000158a0       strncmp                    00000001800168a0 f   libucrt:strncmp.obj
 0001:00015920       calloc                     0000000180016920 f   libucrt:calloc.obj
 0001:00015928       wcsncmp                    0000000180016928 f   libucrt:wcsncmp.obj
 0001:00015960       __remainder_piby2d2f_forAsm 0000000180016960 f   libucrt:remainder_piby2f_forasm.obj
 0001:00015ab0       __remainder_piby2_fma3     0000000180016ab0 f   libucrt:remainder_piby2_forfma3.obj
 0001:00015ca0       __remainder_piby2_fma3_bdl 0000000180016ca0 f   libucrt:remainder_piby2_forfma3.obj
 0001:00015d18       _cosf_special              0000000180016d18 f   libucrt:sincos_special.obj
 0001:00015db8       _sinf_special              0000000180016db8 f   libucrt:sincos_special.obj
 0001:00015dcc       _clrfp                     0000000180016dcc f   libucrt:fpctrl.obj
 0001:00015dec       _ctrlfp                    0000000180016dec f   libucrt:fpctrl.obj
 0001:00015e68       _set_statfp                0000000180016e68 f   libucrt:fpctrl.obj
 0001:00015e88       _statfp                    0000000180016e88 f   libucrt:fpctrl.obj
 0001:00015ea0       __acrt_initialize_fma3     0000000180016ea0 f   libucrt:fma3_available.obj
 0001:00015f10       __remainder_piby2d2f_forC  0000000180016f10 f   libucrt:remainder_piby2f_forc.obj
 0001:0001609c       _free_base                 000000018001709c f   libucrt:free_base.obj
 0001:00016450       __acrt_freeptd             0000000180017450 f   libucrt:per_thread_data.obj
 0001:00016494       __acrt_getptd              0000000180017494 f   libucrt:per_thread_data.obj
 0001:00016568       __acrt_getptd_head         0000000180017568 f   libucrt:per_thread_data.obj
 0001:0001660c       __acrt_getptd_noexit       000000018001760c f   libucrt:per_thread_data.obj
 0001:000166d4       __acrt_getptd_noexit_explicit 00000001800176d4 f   libucrt:per_thread_data.obj
 0001:00016794       __acrt_initialize_ptd      0000000180017794 f   libucrt:per_thread_data.obj
 0001:000167d0       __acrt_uninitialize_ptd    00000001800177d0 f   libucrt:per_thread_data.obj
 0001:000167f4       __acrt_initialize_locks    00000001800177f4 f   libucrt:locks.obj
 0001:0001683c       __acrt_lock                000000018001783c f   libucrt:locks.obj
 0001:00016858       __acrt_uninitialize_locks  0000000180017858 f   libucrt:locks.obj
 0001:00016890       __acrt_unlock              0000000180017890 f   libucrt:locks.obj
 0001:000168ac       __acrt_get_process_end_policy 00000001800178ac f   libucrt:win_policies.obj
 0001:000168e8       ?get_raw_ptd_noexit@__crt_cached_ptd_host@@QEAAPEAU__acrt_ptd@@XZ 00000001800178e8 f i libucrt:invalid_parameter.obj
 0001:00016954       ?value@?$dual_state_global@P6AXPEB_W00I_K@Z@__crt_state_management@@QEAAAEAP6AXPEB_W00I_K@ZAEAV__crt_cached_ptd_host@@@Z 0000000180017954 f i libucrt:invalid_parameter.obj
 0001:000169a0       __acrt_call_reportfault    00000001800179a0 f   libucrt:invalid_parameter.obj
 0001:00016afc       __acrt_initialize_invalid_parameter_handler 0000000180017afc f   libucrt:invalid_parameter.obj
 0001:00016b04       _invalid_parameter         0000000180017b04 f   libucrt:invalid_parameter.obj
 0001:00016ba0       _invalid_parameter_internal 0000000180017ba0 f   libucrt:invalid_parameter.obj
 0001:00016c70       _invalid_parameter_noinfo  0000000180017c70 f   libucrt:invalid_parameter.obj
 0001:00016c90       _invoke_watson             0000000180017c90 f   libucrt:invalid_parameter.obj
 0001:00016cd8       __acrt_errno_from_os_error 0000000180017cd8 f   libucrt:errno.obj
 0001:00016d20       __acrt_errno_map_os_error  0000000180017d20 f   libucrt:errno.obj
 0001:00016d68       __acrt_errno_map_os_error_ptd 0000000180017d68 f   libucrt:errno.obj
 0001:00016d8c       __doserrno                 0000000180017d8c f   libucrt:errno.obj
 0001:00016dac       _errno                     0000000180017dac f   libucrt:errno.obj
 0001:00016dcc       _calloc_base               0000000180017dcc f   libucrt:calloc_base.obj
 0001:00016e58       ??$__acrt_convert_wcs_mbs_cp@D_WV<lambda_7c9dea7b4ca7285d2cdb541a38da6275>@@U__crt_win32_buffer_internal_dynamic_resizing@@@@YAHQEBDAEAV?$__crt_win32_buffer@_WU__crt_win32_buffer_internal_dynamic_resizing@@@@AEBV<lambda_7c9dea7b4ca7285d2cdb541a38da6275>@@I@Z 0000000180017e58 f i libucrt:argv_wildcards.obj
 0001:00016fd4       ??$__acrt_convert_wcs_mbs_cp@_WDV<lambda_d8593a27d1aa8c02be35c86a17d324c4>@@U__crt_win32_buffer_internal_dynamic_resizing@@@@YAHQEB_WAEAV?$__crt_win32_buffer@DU__crt_win32_buffer_internal_dynamic_resizing@@@@AEBV<lambda_d8593a27d1aa8c02be35c86a17d324c4>@@I@Z 0000000180017fd4 f i libucrt:argv_wildcards.obj
 0001:0001787c       ??0_LocaleUpdate@@QEAA@QEAU__crt_locale_pointers@@@Z 000000018001887c f i libucrt:argv_wildcards.obj
 0001:00017918       __acrt_expand_narrow_argv_wildcards 0000000180018918 f   libucrt:argv_wildcards.obj
 0001:00017920       ??$__acrt_convert_wcs_mbs_cp@_WDV<lambda_f788ae46380686e8b737efdd8c720d07>@@U__crt_win32_buffer_no_resizing@@@@YAHQEB_WAEAV?$__crt_win32_buffer@DU__crt_win32_buffer_no_resizing@@@@AEBV<lambda_f788ae46380686e8b737efdd8c720d07>@@I@Z 0000000180018920 f i libucrt:getmodulefilenamea.obj
 0001:00017a3c       __acrt_GetModuleFileNameA  0000000180018a3c f   libucrt:getmodulefilenamea.obj
 0001:00018358       __acrt_initialize_multibyte 0000000180019358 f   libucrt:mbctype.obj
 0001:000183b8       __acrt_update_thread_multibyte_data 00000001800193b8 f   libucrt:mbctype.obj
 0001:000183d4       _setmbcp_nolock            00000001800193d4 f   libucrt:mbctype.obj
 0001:00018708       _ismbblead                 0000000180019708 f   libucrt:ismbbyte.obj
 0001:0001871c       __acrt_initialize_command_line 000000018001971c f   libucrt:argv_data.obj
 0001:00018744       __acrt_MultiByteToWideChar 0000000180019744 f   libucrt:multibytetowidechar.obj
 0001:000187a0       __acrt_WideCharToMultiByte 00000001800197a0 f   libucrt:widechartomultibyte.obj
 0001:00018850       __dcrt_get_narrow_environment_from_os 0000000180019850 f   libucrt:get_environment_from_os.obj
 0001:00018960       _recalloc_base             0000000180019960 f   libucrt:recalloc.obj
 0001:00018bb8       __acrt_AppPolicyGetProcessTerminationMethodInternal 0000000180019bb8 f   libucrt:winapi_thunks.obj
 0001:00018c10       __acrt_AreFileApisANSI     0000000180019c10 f   libucrt:winapi_thunks.obj
 0001:00018c54       __acrt_FlsAlloc            0000000180019c54 f   libucrt:winapi_thunks.obj
 0001:00018c5c       __acrt_FlsFree             0000000180019c5c f   libucrt:winapi_thunks.obj
 0001:00018c64       __acrt_FlsGetValue         0000000180019c64 f   libucrt:winapi_thunks.obj
 0001:00018c6c       __acrt_FlsSetValue         0000000180019c6c f   libucrt:winapi_thunks.obj
 0001:00018c74       __acrt_InitializeCriticalSectionEx 0000000180019c74 f   libucrt:winapi_thunks.obj
 0001:00018ce4       __acrt_LCMapStringEx       0000000180019ce4 f   libucrt:winapi_thunks.obj
 0001:00018dd0       __acrt_LocaleNameToLCID    0000000180019dd0 f   libucrt:winapi_thunks.obj
 0001:00018e30       __acrt_initialize_winapi_thunks 0000000180019e30 f   libucrt:winapi_thunks.obj
 0001:00018e54       __acrt_uninitialize_winapi_thunks 0000000180019e54 f   libucrt:winapi_thunks.obj
 0001:00018e98       __acrt_initialize_heap     0000000180019e98 f   libucrt:heap_handle.obj
 0001:00018eb4       __acrt_uninitialize_heap   0000000180019eb4 f   libucrt:heap_handle.obj
 0001:000190b8       __acrt_initialize_lowio    000000018001a0b8 f   libucrt:ioinit.obj
 0001:000190f4       __acrt_uninitialize_lowio  000000018001a0f4 f   libucrt:ioinit.obj
 0001:00019134       __acrt_execute_initializers 000000018001a134 f   libucrt:shared_initialization.obj
 0001:000191c8       __acrt_execute_uninitializers 000000018001a1c8 f   libucrt:shared_initialization.obj
 0001:00019210       __acrt_initialize_new_handler 000000018001a210 f   libucrt:new_handler.obj
 0001:00019218       _callnewh                  000000018001a218 f   libucrt:new_handler.obj
 0001:00019254       _query_new_handler         000000018001a254 f   libucrt:new_handler.obj
 0001:000192d0       __acrt_get_sigabrt_handler 000000018001a2d0 f   libucrt:signal.obj
 0001:00019300       __acrt_initialize_signal_handlers 000000018001a300 f   libucrt:signal.obj
 0001:00019320       raise                      000000018001a320 f   libucrt:signal.obj
 0001:000195a0       __acrt_has_user_matherr    000000018001a5a0 f   libucrt:matherr.obj
 0001:000195c0       __acrt_initialize_user_matherr 000000018001a5c0 f   libucrt:matherr.obj
 0001:000195c8       __acrt_invoke_user_matherr 000000018001a5c8 f   libucrt:matherr.obj
 0001:000197dc       __acrt_stdio_flush_nolock  000000018001a7dc f   libucrt:fflush.obj
 0001:00019868       _fflush_nolock             000000018001a868 f   libucrt:fflush.obj
 0001:0001993c       _flushall                  000000018001a93c f   libucrt:fflush.obj
 0001:00019944       __acrt_initialize_stdio    000000018001a944 f   libucrt:_file.obj
 0001:00019a64       __acrt_uninitialize_stdio  000000018001aa64 f   libucrt:_file.obj
 0001:00019ac0       _lock_file                 000000018001aac0 f   libucrt:_file.obj
 0001:00019acc       _unlock_file               000000018001aacc f   libucrt:_file.obj
 0001:00019ad8       _malloc_base               000000018001aad8 f   libucrt:malloc_base.obj
 0001:00019b38       strnlen                    000000018001ab38 f   libucrt:strnlen.obj
 0001:00019c88       wcsnlen                    000000018001ac88 f   libucrt:strnlen.obj
 0001:00019e60       __acrt_update_locale_info  000000018001ae60 f   libucrt:locale_update.obj
 0001:00019e94       __acrt_update_locale_info_explicit 000000018001ae94 f   libucrt:locale_update.obj
 0001:00019ecc       __acrt_update_multibyte_info 000000018001aecc f   libucrt:locale_update.obj
 0001:00019f00       __acrt_update_multibyte_info_explicit 000000018001af00 f   libucrt:locale_update.obj
 0001:0001aa68       __acrt_fp_format           000000018001ba68 f   libucrt:cvt.obj
 0001:0001ad50       _wctomb_internal           000000018001bd50 f   libucrt:wctomb.obj
 0001:0001af00       _mbtowc_internal           000000018001bf00 f   libucrt:mbtowc.obj
 0001:0001b078       _fileno                    000000018001c078 f   libucrt:fileno.obj
 0001:0001b0a0       _get_printf_count_output   000000018001c0a0 f   libucrt:printf_count_output.obj
 0001:0001b128       __acrt_set_locale_changed  000000018001c128 f   libucrt:wsetlocale.obj
 0001:0001b134       __acrt_uninitialize_locale 000000018001c134 f   libucrt:wsetlocale.obj
 0001:0001b164       __pctype_func              000000018001c164 f   libucrt:ctype.obj
 0001:0001b194       _isctype_l                 000000018001c194 f   libucrt:isctype.obj
 0001:0001b3c0       _handle_error              000000018001c3c0 f   libucrt:libm_error.obj
 0001:0001b4e8       _handle_errorf             000000018001c4e8 f   libucrt:libm_error.obj
 0001:0001b61c       _handle_nan                000000018001c61c f   libucrt:libm_error.obj
 0001:0001b650       _get_fpsr                  000000018001c650 f   libucrt:fpsr.obj
 0001:0001b660       _set_fpsr                  000000018001c660 f   libucrt:fpsr.obj
 0001:0001b66a       _fclrf                     000000018001c66a f   libucrt:fpsr.obj
 0001:0001b67e       _frnd                      000000018001c67e f   libucrt:fpsr.obj
 0001:0001b6a0       __acrt_add_locale_ref      000000018001c6a0 f   libucrt:locale_refcounting.obj
 0001:0001b72c       __acrt_free_locale         000000018001c72c f   libucrt:locale_refcounting.obj
 0001:0001b8a4       __acrt_locale_add_lc_time_reference 000000018001c8a4 f   libucrt:locale_refcounting.obj
 0001:0001b8cc       __acrt_locale_free_lc_time_if_unreferenced 000000018001c8cc f   libucrt:locale_refcounting.obj
 0001:0001b904       __acrt_locale_release_lc_time_reference 000000018001c904 f   libucrt:locale_refcounting.obj
 0001:0001b92c       __acrt_release_locale_ref  000000018001c92c f   libucrt:locale_refcounting.obj
 0001:0001b9d4       __acrt_update_thread_locale_data 000000018001c9d4 f   libucrt:locale_refcounting.obj
 0001:0001ba44       _updatetlocinfoEx_nolock   000000018001ca44 f   libucrt:locale_refcounting.obj
 0001:0001baac       _query_new_mode            000000018001caac f   libucrt:new_mode.obj
 0001:0001bac0       qsort                      000000018001cac0 f   libucrt:qsort.obj
 0001:0001bed0       strncpy_s                  000000018001ced0 f   libucrt:strncpy_s.obj
 0001:0001c060       strpbrk                    000000018001d060 f   libucrt:strpbrk.obj
 0001:0001c428       _mbsdec                    000000018001d428 f   libucrt:mbsdec.obj
 0001:0001c430       _mbsdec_l                  000000018001d430 f   libucrt:mbsdec.obj
 0001:0001c4c4       __acrt_GetStringTypeA      000000018001d4c4 f   libucrt:getstringtypea.obj
 0001:0001c980       __acrt_LCMapStringA        000000018001d980 f   libucrt:lcmapstringa.obj
 0001:0001ca30       _msize_base                000000018001da30 f   libucrt:msize.obj
 0001:0001ca6c       _realloc_base              000000018001da6c f   libucrt:realloc_base.obj
 0001:0001cae8       __acrt_DownlevelLocaleNameToLCID 000000018001dae8 f   libucrt:lcidtoname_downlevel.obj
 0001:0001cb90       __acrt_lowio_create_handle_array 000000018001db90 f   libucrt:osfinfo.obj
 0001:0001cc38       __acrt_lowio_destroy_handle_array 000000018001dc38 f   libucrt:osfinfo.obj
 0001:0001cc88       __acrt_lowio_ensure_fh_exists 000000018001dc88 f   libucrt:osfinfo.obj
 0001:0001cd30       __acrt_lowio_lock_fh       000000018001dd30 f   libucrt:osfinfo.obj
 0001:0001cd58       __acrt_lowio_unlock_fh     000000018001dd58 f   libucrt:osfinfo.obj
 0001:0001cd80       _free_osfhnd               000000018001dd80 f   libucrt:osfinfo.obj
 0001:0001ce3c       _get_osfhandle             000000018001de3c f   libucrt:osfinfo.obj
 0001:0001cf40       _commit                    000000018001df40 f   libucrt:commit.obj
 0001:0001d7f0       _write_internal            000000018001e7f0 f   libucrt:write.obj
 0001:0001d918       _write_nolock              000000018001e918 f   libucrt:write.obj
 0001:0001dc28       _fcloseall                 000000018001ec28 f   libucrt:closeall.obj
 0001:0001dcdc       __acrt_stdio_free_buffer_nolock 000000018001ecdc f   libucrt:_freebuf.obj
 0001:0001dd1c       _isatty                    000000018001ed1c f   libucrt:isatty.obj
 0001:0001dd7c       __acrt_fp_strflt_to_string 000000018001ed7c f   libucrt:_fptostr.obj
 0001:0001df00       ?divide@__crt_strtox@@YA_KAEAUbig_integer@1@AEBU21@@Z 000000018001ef00 f i libucrt:cfout.obj
 0001:0001e38c       __acrt_fltout              000000018001f38c f   libucrt:cfout.obj
 0001:0001f654       fegetround                 0000000180020654 f   libucrt:fegetround.obj
 0001:0001f668       ?__c32rtomb_utf8@__crt_mbstring@@YA_KPEAD_UPEAU_Mbstatet@@AEAV__crt_cached_ptd_host@@@Z 0000000180020668 f   libucrt:c32rtomb.obj
 0001:0001f70c       ?__mbrtowc_utf8@__crt_mbstring@@YA_KPEA_WPEBD_KPEAU_Mbstatet@@AEAV__crt_cached_ptd_host@@@Z 000000018002070c f   libucrt:mbrtowc.obj
 0001:0001f750       ?__mbsrtowcs_utf8@__crt_mbstring@@YA_KPEA_WPEAPEBD_KPEAU_Mbstatet@@AEAV__crt_cached_ptd_host@@@Z 0000000180020750 f   libucrt:mbrtowc.obj
 0001:0001f8f4       __acrt_locale_free_monetary 00000001800208f4 f   libucrt:initmon.obj
 0001:0001fa00       __acrt_locale_free_numeric 0000000180020a00 f   libucrt:initnum.obj
 0001:0001faa0       __acrt_locale_free_time    0000000180020aa0 f   libucrt:inittime.obj
 0001:0001fba8       _raise_exc                 0000000180020ba8 f   libucrt:fpexcept.obj
 0001:0001fbd0       _raise_exc_ex              0000000180020bd0 f   libucrt:fpexcept.obj
 0001:0001fee0       _raise_excf                0000000180020ee0 f   libucrt:fpexcept.obj
 0001:0001ff0c       _set_errno_from_matherr    0000000180020f0c f   libucrt:fpexcept.obj
 0001:0001ff3c       __strncnt                  0000000180020f3c f   libucrt:strncnt.obj
 0001:0001ff54       __ascii_wcsnicmp           0000000180020f54 f   libucrt:wcsnicmp.obj
 0001:0001ffa0       _query_app_type            0000000180020fa0 f   libucrt:report_runtime_error.obj
 0001:00020054       _lseeki64_nolock_internal  0000000180021054 f   libucrt:lseek.obj
 0001:0002005c       _putwch_nolock             000000018002105c f   libucrt:putwch.obj
 0001:000201b8       fclose                     00000001800211b8 f   libucrt:fclose.obj
 0001:00020250       _controlfp_s               0000000180021250 f   libucrt:contrlfp.obj
 0001:000202b4       fegetenv                   00000001800212b4 f   libucrt:fegetenv.obj
 0001:000202d4       fesetenv                   00000001800212d4 f   libucrt:fesetenv.obj
 0001:00020320       feholdexcept               0000000180021320 f   libucrt:feholdexcept.obj
 0001:00020370       ceil                       0000000180021370 f   libucrt:ceil.obj
 0001:00020440       log10                      0000000180021440 f   libucrt:log10.obj
 0001:000209ec       __acrt_fenv_get_common_round_control 00000001800219ec f   libucrt:_fenvutils.obj
 0001:000209f8       __acrt_fenv_get_control    00000001800219f8 f   libucrt:_fenvutils.obj
 0001:00020adc       __acrt_fenv_get_status     0000000180021adc f   libucrt:_fenvutils.obj
 0001:00020b34       __acrt_fenv_set_control    0000000180021b34 f   libucrt:_fenvutils.obj
 0001:00020c70       __acrt_fenv_set_status     0000000180021c70 f   libucrt:_fenvutils.obj
 0001:00020ce4       ?reset_and_return@__crt_mbstring@@YA_K_KPEAU_Mbstatet@@@Z 0000000180021ce4 f   libucrt:common_utf8.obj
 0001:00020cec       ?return_illegal_sequence@__crt_mbstring@@YA_KPEAU_Mbstatet@@AEAV__crt_cached_ptd_host@@@Z 0000000180021cec f   libucrt:common_utf8.obj
 0001:00020d00       ?__mbrtoc32_utf8@__crt_mbstring@@YA_KPEA_UPEBD_KPEAU_Mbstatet@@AEAV__crt_cached_ptd_host@@@Z 0000000180021d00 f   libucrt:mbrtoc32.obj
 0001:00020edc       __dcrt_lowio_ensure_console_output_initialized 0000000180021edc f   libucrt:initcon.obj
 0001:00020f30       __dcrt_terminate_console_output 0000000180021f30 f   libucrt:initcon.obj
 0001:00020f4c       __dcrt_write_console       0000000180021f4c f   libucrt:initcon.obj
 0001:00021084       _close_internal            0000000180022084 f   libucrt:close.obj
[...]
 0002:0000b238       $unwind$_isctype_l         000000018002f238     libucrt:isctype.obj
 0002:0000b254       $unwind$_call_matherr      000000018002f254     libucrt:libm_error.obj
 0002:0000b25c       $unwind$_handle_error      000000018002f25c     libucrt:libm_error.obj
 0002:0000b25c       $unwind$_handle_errorf     000000018002f25c     libucrt:libm_error.obj
 0002:0000b280       $xdatasym                  000000018002f280     libucrt:fpsr.obj
 0002:0000b288       $unwind$__acrt_update_thread_locale_data 000000018002f288     libucrt:locale_refcounting.obj
 0002:0000b2ac       $unwind$qsort              000000018002f2ac     libucrt:qsort.obj
 0002:0000b2c4       $chain$4$qsort             000000018002f2c4     libucrt:qsort.obj
 0002:0000b2e8       $chain$5$qsort             000000018002f2e8     libucrt:qsort.obj
 0002:0000b2f8       $unwind$strpbrk            000000018002f2f8     libucrt:strpbrk.obj
 0002:0000b308       $unwind$fallbackMethod     000000018002f308     libucrt:strpbrk.obj
 0002:0000b318       $unwind$__acrt_GetStringTypeA 000000018002f318     libucrt:getstringtypea.obj
 0002:0000b340       $unwind$__acrt_LCMapStringA 000000018002f340     libucrt:lcmapstringa.obj
 0002:0000b350       $unwind$?__acrt_LCMapStringA_stat@@YAHPEAU__crt_locale_pointers@@PEB_WKPEBDHPEADHHH@Z 000000018002f350     libucrt:lcmapstringa.obj
 0002:0000b378       $unwind$__acrt_lowio_destroy_handle_array 000000018002f378     libucrt:osfinfo.obj
 0002:0000b388       $unwind$__acrt_lowio_ensure_fh_exists 000000018002f388     libucrt:osfinfo.obj
 0002:0000b3b4       $unwind$_commit            000000018002f3b4     libucrt:commit.obj
 0002:0000b3bc       $unwind$??$?RV<lambda_a37b2b86f63e897a80ea819b0eb08c01>@@AEAV<lambda_38ce7e780aa69e748d6df282ebc68efe>@@V<lambda_99fb1378e971ab6e7edea83e3a7a83a2>@@@?$__crt_seh_guarded_call@H@@QEAAH$$QEAV<lambda_a37b2b86f63e897a80ea819b0eb08c01>@@AEAV<lambda_38ce7e780aa69e748d6df282ebc68efe>@@$$QEAV<lambda_99fb1378e971ab6e7edea83e3a7a83a2>@@@Z 000000018002f3bc     libucrt:commit.obj
 0002:0000b3e0       $unwind$_write_nolock      000000018002f3e0     libucrt:write.obj
 0002:0000b3f8       $unwind$_write_internal    000000018002f3f8     libucrt:write.obj
 0002:0000b428       $unwind$?write_double_translated_ansi_nolock@@YA?AUwrite_result@?A0x17268360@@HQEBDIAEAV__crt_cached_ptd_host@@@Z 000000018002f428     libucrt:write.obj
 0002:0000b450       $ip2state$?write_double_translated_ansi_nolock@@YA?AUwrite_result@?A0x17268360@@HQEBDIAEAV__crt_cached_ptd_host@@@Z 000000018002f450     libucrt:write.obj
 0002:0000b458       $unwind$?write_text_ansi_nolock@@YA?AUwrite_result@?A0x17268360@@HQEBDI@Z 000000018002f458     libucrt:write.obj
 0002:0000b458       $unwind$?write_text_utf16le_nolock@@YA?AUwrite_result@?A0x17268360@@HQEBDI@Z 000000018002f458     libucrt:write.obj
 0002:0000b478       $unwind$?write_text_utf8_nolock@@YA?AUwrite_result@?A0x17268360@@HQEBDI@Z 000000018002f478     libucrt:write.obj
 0002:0000b49c       $unwind$_fcloseall         000000018002f49c     libucrt:closeall.obj
 0002:0000b4c0       $unwind$__acrt_fp_strflt_to_string 000000018002f4c0     libucrt:_fptostr.obj
 0002:0000b4dc       $unwind$__acrt_fltout      000000018002f4dc     libucrt:cfout.obj
 0002:0000b4fc       $unwind$?divide@__crt_strtox@@YA_KAEAUbig_integer@1@AEBU21@@Z 000000018002f4fc     libucrt:cfout.obj
 0002:0000b514       $chain$0$?divide@__crt_strtox@@YA_KAEAUbig_integer@1@AEBU21@@Z 000000018002f514     libucrt:cfout.obj
 0002:0000b528       $chain$1$?divide@__crt_strtox@@YA_KAEAUbig_integer@1@AEBU21@@Z 000000018002f528     libucrt:cfout.obj
 0002:0000b538       $unwind$?__mbsrtowcs_utf8@__crt_mbstring@@YA_KPEA_WPEAPEBD_KPEAU_Mbstatet@@AEAV__crt_cached_ptd_host@@@Z 000000018002f538     libucrt:mbrtowc.obj
 0002:0000b550       $unwind$__acrt_locale_free_monetary 000000018002f550     libucrt:initmon.obj
 0002:0000b558       $unwind$__acrt_locale_free_time 000000018002f558     libucrt:inittime.obj
 0002:0000b568       $unwind$_raise_exc_ex      000000018002f568     libucrt:fpexcept.obj
 0002:0000b57c       $unwind$_putwch_nolock     000000018002f57c     libucrt:putwch.obj
 0002:0000b584       $unwind$?_fclose_nolock_internal@@YAHQEAU_iobuf@@AEAV__crt_cached_ptd_host@@@Z 000000018002f584     libucrt:fclose.obj
 0002:0000b594       $unwind$?_fclose_internal@@YAHQEAU_iobuf@@AEAV__crt_cached_ptd_host@@@Z 000000018002f594     libucrt:fclose.obj
 0002:0000b5b8       $xdatasym                  000000018002f5b8     libucrt:log10.obj
 0002:0000b5c4       $unwind$__acrt_fenv_set_control 000000018002f5c4     libucrt:_fenvutils.obj
 0002:0000b5d4       $unwind$?__mbrtoc32_utf8@__crt_mbstring@@YA_KPEA_UPEBD_KPEAU_Mbstatet@@AEAV__crt_cached_ptd_host@@@Z 000000018002f5d4     libucrt:mbrtoc32.obj
 0002:0000b5f0       $unwind$_close_internal    000000018002f5f0     libucrt:close.obj
 0002:0000b5f8       $unwind$??$?RV<lambda_ad8af0d99a0adf03d037d7dffe354bb5>@@AEAV<lambda_c9ba49e555ba839a7b07aa3fbecb7617>@@V<lambda_2f1ebd5d68526518146ae959c9e734c8>@@@?$__crt_seh_guarded_call@H@@QEAAH$$QEAV<lambda_ad8af0d99a0adf03d037d7dffe354bb5>@@AEAV<lambda_c9ba49e555ba839a7b07aa3fbecb7617>@@$$QEAV<lambda_2f1ebd5d68526518146ae959c9e734c8>@@@Z 000000018002f5f8     libucrt:close.obj
 0002:0000b61c       $unwind$common_control87   000000018002f61c     libucrt:ieee.obj
 0002:0000b648       $unwind$_log_special_common 000000018002f648     libucrt:log_special.obj
 0002:0000b654       $unwind$_IsNonwritableInCurrentImage 000000018002f654     LIBCMT:pesect.obj
 0002:0000b678       $unwind$__GSHandlerCheckCommon 000000018002f678     LIBCMT:gshandler.obj
 0002:0000b680       $xdatasym                  000000018002f680     LIBCMT:amdsecgs.obj
 0002:0000b684       $unwind$__report_securityfailure 000000018002f684     LIBCMT:gs_report.obj
 0002:0000b68c       $unwind$__report_gsfailure 000000018002f68c     LIBCMT:gs_report.obj
 0002:0000b694       $unwind$capture_current_context 000000018002f694     LIBCMT:gs_report.obj
 0002:0000b6a0       $unwind$capture_previous_context 000000018002f6a0     LIBCMT:gs_report.obj
 0002:0000b6b0       $xdatasym                  000000018002f6b0     LIBCMT:chkstk.obj
 0002:0000b6b8       $xdatasym                  000000018002f6b8     libvcruntime:memcmp.obj
 0002:0000bc50       .edata                     000000018002fc50     PhysXCooking_64.exp
 0002:0000bc78       rgpv                       000000018002fc78     PhysXCooking_64.exp
 0002:0000bd90       rgszName                   000000018002fd90     PhysXCooking_64.exp
 0002:0000bea8       rgwOrd                     000000018002fea8     PhysXCooking_64.exp
 0002:0000bf34       szName                     000000018002ff34     PhysXCooking_64.exp
 0002:0000bf48       $N00001                    000000018002ff48     PhysXCooking_64.exp
 0002:0000bf6c       $N00002                    000000018002ff6c     PhysXCooking_64.exp
 0002:0000bf9b       $N00003                    000000018002ff9b     PhysXCooking_64.exp
 0002:0000bfc2       $N00004                    000000018002ffc2     PhysXCooking_64.exp
 0002:0000c019       $N00005                    0000000180030019     PhysXCooking_64.exp
 0002:0000c044       $N00006                    0000000180030044     PhysXCooking_64.exp
 0002:0000c06a       $N00007                    000000018003006a     PhysXCooking_64.exp
 0002:0000c089       $N00008                    0000000180030089     PhysXCooking_64.exp
 0002:0000c0bf       $N00009                    00000001800300bf     PhysXCooking_64.exp
 0002:0000c0e7       $N00010                    00000001800300e7     PhysXCooking_64.exp
 0002:0000c10b       $N00011                    000000018003010b     PhysXCooking_64.exp
 0002:0000c132       $N00012                    0000000180030132     PhysXCooking_64.exp
 0002:0000c15b       $N00013                    000000018003015b     PhysXCooking_64.exp
 0002:0000c17a       $N00014                    000000018003017a     PhysXCooking_64.exp
 0002:0000c1ad       $N00015                    00000001800301ad     PhysXCooking_64.exp
 0002:0000c1e3       $N00016                    00000001800301e3     PhysXCooking_64.exp
 0002:0000c21b       $N00017                    000000018003021b     PhysXCooking_64.exp
 0002:0000c24d       $N00018                    000000018003024d     PhysXCooking_64.exp
 0002:0000c279       $N00019                    0000000180030279     PhysXCooking_64.exp
 0002:0000c2b3       $N00020                    00000001800302b3     PhysXCooking_64.exp
 0002:0000c2f1       $N00021                    00000001800302f1     PhysXCooking_64.exp
 0002:0000c32a       $N00022                    000000018003032a     PhysXCooking_64.exp
 0002:0000c352       $N00023                    0000000180030352     PhysXCooking_64.exp
 0002:0000c388       $N00024                    0000000180030388     PhysXCooking_64.exp
 0002:0000c3a4       $N00025                    00000001800303a4     PhysXCooking_64.exp
 0002:0000c3ce       $N00026                    00000001800303ce     PhysXCooking_64.exp
 0002:0000c40a       $N00027                    000000018003040a     PhysXCooking_64.exp
 0002:0000c445       $N00028                    0000000180030445     PhysXCooking_64.exp
 0002:0000c480       $N00029                    0000000180030480     PhysXCooking_64.exp
 0002:0000c4b5       $N00030                    00000001800304b5     PhysXCooking_64.exp
 0002:0000c4f1       $N00031                    00000001800304f1     PhysXCooking_64.exp
 0002:0000c524       $N00032                    0000000180030524     PhysXCooking_64.exp
 0002:0000c557       $N00033                    0000000180030557     PhysXCooking_64.exp
 0002:0000c591       $N00034                    0000000180030591     PhysXCooking_64.exp
 0002:0000c5cb       $N00035                    00000001800305cb     PhysXCooking_64.exp
 0002:0000c5f8       $N00036                    00000001800305f8     PhysXCooking_64.exp
 0002:0000c62b       $N00037                    000000018003062b     PhysXCooking_64.exp
 0002:0000c673       $N00038                    0000000180030673     PhysXCooking_64.exp
 0002:0000c6b3       $N00039                    00000001800306b3     PhysXCooking_64.exp
 0002:0000c6e1       $N00040                    00000001800306e1     PhysXCooking_64.exp
 0002:0000c721       $N00041                    0000000180030721     PhysXCooking_64.exp
 0002:0000c762       $N00042                    0000000180030762     PhysXCooking_64.exp
 0002:0000c78f       $N00043                    000000018003078f     PhysXCooking_64.exp
 0002:0000c7cb       $N00044                    00000001800307cb     PhysXCooking_64.exp
 0002:0000c808       $N00045                    0000000180030808     PhysXCooking_64.exp
 0002:0000c838       $N00046                    0000000180030838     PhysXCooking_64.exp
 0002:0000c84f       $N00047                    000000018003084f     PhysXCooking_64.exp
 0002:0000c86a       $N00048                    000000018003086a     PhysXCooking_64.exp
 0002:0000c881       $N00049                    0000000180030881     PhysXCooking_64.exp
 0002:0000c897       $N00050                    0000000180030897     PhysXCooking_64.exp
 0002:0000c8ae       $N00051                    00000001800308ae     PhysXCooking_64.exp
 0002:0000c8c6       $N00052                    00000001800308c6     PhysXCooking_64.exp
 0002:0000c8d0       $N00053                    00000001800308d0     PhysXCooking_64.exp
 0002:0000c8e1       $N00054                    00000001800308e1     PhysXCooking_64.exp
 0002:0000c8f3       $N00055                    00000001800308f3     PhysXCooking_64.exp
 0002:0000c906       $N00056                    0000000180030906     PhysXCooking_64.exp
 0002:0000c91c       $N00057                    000000018003091c     PhysXCooking_64.exp
 0002:0000c92f       $N00058                    000000018003092f     PhysXCooking_64.exp
 0002:0000c93b       $N00059                    000000018003093b     PhysXCooking_64.exp
 0002:0000c94f       $N00060                    000000018003094f     PhysXCooking_64.exp
 0002:0000c962       $N00061                    0000000180030962     PhysXCooking_64.exp
 0002:0000c972       $N00062                    0000000180030972     PhysXCooking_64.exp
 0002:0000c986       $N00063                    0000000180030986     PhysXCooking_64.exp
 0002:0000c99b       $N00064                    000000018003099b     PhysXCooking_64.exp
 0002:0000c9b3       $N00065                    00000001800309b3     PhysXCooking_64.exp
 0002:0000c9c8       $N00066                    00000001800309c8     PhysXCooking_64.exp
 0002:0000c9e5       $N00067                    00000001800309e5     PhysXCooking_64.exp
 0002:0000ca06       $N00068                    0000000180030a06     PhysXCooking_64.exp
 0002:0000ca25       $N00069                    0000000180030a25     PhysXCooking_64.exp
 0002:0000ca3a       $N00070                    0000000180030a3a     PhysXCooking_64.exp
 0002:0000cd08       .idata$6                   0000000180030d08     kernel32:KERNEL32.dll
 0003:00000050       ?prefix@?1??getDimension@UnDecorator@@CA?AVDName@@_N@Z@4UStringLiteral@@A 0000000180032050     libvcruntime:undname.obj
 0003:00000060       ?__vcrt_flsindex@@3KA      0000000180032060     libvcruntime:per_thread_data.obj
 0003:00000080       ?dazSupported@?1??_ctrlfp@@9@9 0000000180032080     libucrt:fpctrl.obj
 0003:00000090       ?__acrt_flsindex@@3KA      0000000180032090     libucrt:per_thread_data.obj
 0003:00000094       ?errno_no_memory@@3HA      0000000180032094     libucrt:errno.obj
 0003:00000098       ?doserrno_no_memory@@3KA   0000000180032098     libucrt:errno.obj
 0003:000002d0       _mbctypes                  00000001800322d0     libucrt:mbctype.obj
 0003:000003e0       _mbcasemaps                00000001800323e0     libucrt:mbctype.obj
 0003:000004e0       ?__rgctypeflag@@3PADA      00000001800324e0     libucrt:mbctype.obj
 0003:000004f0       ?__rgcode_page_info@@3PAUcode_page_info@@A 00000001800324f0     libucrt:mbctype.obj
 0003:00000a10       ?__dcrt_lowio_console_output_handle@@3PEAXEA 0000000180032a10     libucrt:initcon.obj
 0003:00000a18       ?dazSupported@?1??common_control87@@9@9 0000000180032a18     libucrt:ieee.obj
 0003:00000d10       ?maxV3Error@vecMathTests@aos@physx@@3T__m128@@B 0000000180032d10     Cooking.obj
 0003:00000d20       ?minFError@vecMathTests@aos@physx@@3T__m128@@B 0000000180032d20     Cooking.obj
 0003:00000d30       ?maxV4Error@vecMathTests@aos@physx@@3T__m128@@B 0000000180032d30     Cooking.obj
 0003:00000d40       ?minV4Error@vecMathTests@aos@physx@@3T__m128@@B 0000000180032d40     Cooking.obj
 0003:00000d50       ?minV3Error@vecMathTests@aos@physx@@3T__m128@@B 0000000180032d50     Cooking.obj
 0003:00000d60       ?maxFError@vecMathTests@aos@physx@@3T__m128@@B 0000000180032d60     Cooking.obj
 0003:00000d70       ?gCookingDelayLoadHook@@3PEBVPxDelayLoadHook@physx@@EB 0000000180032d70     WindowsCookingDelayLoadHook.obj
 0003:00000dd0       ?__proc_attached@@3HA      0000000180032dd0     LIBCMT:dll_dllmain.obj
 0003:00000e08       ?is_initialized_as_dll@@3_NA 0000000180032e08     LIBCMT:utility.obj
 0003:00000e09       ?module_local_atexit_table_initialized@@3_NA 0000000180032e09     LIBCMT:utility.obj
 0003:00000e10       ?module_local_atexit_table@@3U_onexit_table_t@@A 0000000180032e10     LIBCMT:utility.obj
 0003:00000e28       ?module_local_at_quick_exit_table@@3U_onexit_table_t@@A 0000000180032e28     LIBCMT:utility.obj
 0003:00000e98       ?heap@@3V_HeapManager@@A   0000000180032e98     libvcruntime:undname.obj
 0003:00000ec0       ?__vcrt_startup_thread_ptd@@3U__vcrt_ptd@@A 0000000180032ec0     libvcruntime:per_thread_data.obj
 0003:00000f40       __vcrt_lock_table          0000000180032f40     libvcruntime:locks.obj
 0003:00000f68       __vcrt_locks_initialized   0000000180032f68     libvcruntime:locks.obj
 0003:00000f70       ?module_handles@@3PAPEAUHINSTANCE__@@A 0000000180032f70     libvcruntime:winapi_downlevel.obj
 0003:00000f88       ?function_pointers@@3PAPEAXA 0000000180032f88     libvcruntime:winapi_downlevel.obj
 0003:00000fb0       ?c_termination_complete@@3JA 0000000180032fb0     libucrt:exit.obj
 0003:00000fb8       ?thread_local_exit_callback_func@@3P6AXPEAXK0@ZEA 0000000180032fb8     libucrt:exit.obj
 0003:00000fd0       ?program_name@?1???$common_configure_argv@D@@YAHW4_crt_argv_mode@@@Z@4PADA 0000000180032fd0     libucrt:argv_parsing.obj
 0003:00001130       ?__acrt_lock_table@@3PAU_RTL_CRITICAL_SECTION@@A 0000000180033130     libucrt:locks.obj
 0003:00001360       ?__acrt_locks_initialized@@3IA 0000000180033360     libucrt:locks.obj
 0003:00001368       ?__acrt_invalid_parameter_handler@@3V?$dual_state_global@P6AXPEB_W00I_K@Z@__crt_state_management@@A 0000000180033368     libucrt:invalid_parameter.obj
 0003:00001388       ?fSystemSet@@3HA           0000000180033388     libucrt:mbctype.obj
 0003:0000138c       ?initialized@?1??__acrt_initialize_multibyte@@9@4_NA 000000018003338c     libucrt:mbctype.obj
 0003:000013c0       ?module_handles@@3PAPEAUHINSTANCE__@@A 00000001800333c0     libucrt:winapi_thunks.obj
 0003:00001460       ?encoded_function_pointers@@3PAPEAXA 0000000180033460     libucrt:winapi_thunks.obj
 0003:00001968       ?__acrt_new_handler@@3V?$dual_state_global@P6AH_K@Z@__crt_state_management@@A 0000000180033968     libucrt:new_handler.obj
 0003:00001970       ?ctrlc_action@@3V?$dual_state_global@P6AXH@Z@__crt_state_management@@A 0000000180033970     libucrt:signal.obj
 0003:00001978       ?ctrlbreak_action@@3V?$dual_state_global@P6AXH@Z@__crt_state_management@@A 0000000180033978     libucrt:signal.obj
 0003:00001980       ?abort_action@@3V?$dual_state_global@P6AXH@Z@__crt_state_management@@A 0000000180033980     libucrt:signal.obj
 0003:00001988       ?term_action@@3V?$dual_state_global@P6AXH@Z@__crt_state_management@@A 0000000180033988     libucrt:signal.obj
 0003:00001990       ?user_matherr@@3V?$dual_state_global@P6AHPEAU_exception@@@Z@__crt_state_management@@A 0000000180033990     libucrt:matherr.obj
 0003:000019c0       ?internal_state@?1??_mbtowc_internal@@9@4U_Mbstatet@@A 00000001800339c0     libucrt:mbtowc.obj
 0003:000019c8       ?enable_percent_n@@3_KA    00000001800339c8     libucrt:printf_count_output.obj
 0003:000019d4       ?__acrt_global_new_mode@@3V?$dual_state_global@J@__crt_state_management@@A 00000001800339d4     libucrt:new_mode.obj
 0003:000019e0       ?__acrt_app_type@@3W4_crt_app_type@@A 00000001800339e0     libucrt:report_runtime_error.obj
 0003:000019e8       ?internal_pst@?1??__mbrtoc32_utf8@__crt_mbstring@@YA_KPEA_UPEBD_KPEAU_Mbstatet@@AEAV__crt_cached_ptd_host@@@Z@4U3@A 00000001800339e8     libucrt:mbrtoc32.obj
 0003:000019f0       GS_ExceptionRecord         00000001800339f0     LIBCMT:gs_report.obj
 0003:00001a90       GS_ContextRecord           0000000180033a90     LIBCMT:gs_report.obj
 0005:00000000       _2il0floatpacket$19        0000000180036000     LIBCMT:svml_ssinf4_sse2.obj
 0005:00002200       _vmlsSinHATab              0000000180038200     LIBCMT:svml_s_sin_cout.obj
 0005:00002210       MsetTab                    0000000180038210     libvcruntime:memset.obj
 0005:00002260       MoveSmall                  0000000180038260     libvcruntime:memcpy.obj
 0005:000022a0       MoveSmallYmm               00000001800382a0     libvcruntime:memcpy.obj
 0005:000022c4       MoveSmallYmmNT             00000001800382c4     libvcruntime:memcpy.obj
 0005:000022e8       MoveSmallXmm               00000001800382e8     libvcruntime:memcpy.obj
 0006:000000a0       $R000000                   00000001800390a0     PhysXCooking.res
 0006:000003d0       $R000330                   00000001800393d0     PhysXCooking.res
